0 verbose cli D:\Program Files\nodejs\node.exe C:\Users\Trung Kiên\AppData\Roaming\npm\node_modules\npm\bin\npm-cli.js
1 info using npm@10.9.0
2 info using node@v20.11.1
3 silly config load:file:C:\Users\Trung Kiên\AppData\Roaming\npm\node_modules\npm\npmrc
4 silly config load:file:C:\laragon\www\PolyFlix\.npmrc
5 silly config load:file:C:\Users\Trung Kiên\.npmrc
6 silly config load:file:C:\Users\Trung Kiên\AppData\Roaming\npm\etc\npmrc
7 verbose title npm install
8 verbose argv "install"
9 verbose logfile logs-max:10 dir:C:\laragon\www\PolyFlix\tmpnodejsnpm-cache\_logs\2025-08-26T08_56_05_062Z-
10 verbose logfile C:\laragon\www\PolyFlix\tmpnodejsnpm-cache\_logs\2025-08-26T08_56_05_062Z-debug-0.log
11 silly logfile start cleaning logs, removing 2 files
12 silly packumentCache heap:2197815296 maxSize:549453824 maxEntrySize:274726912
13 silly logfile done cleaning log files
14 silly idealTree buildDeps
15 silly reify mark retired [ 'C:\\laragon\\www\\PolyFlix\\node_modules\\concurrently' ]
16 silly reify mark retired [ 'C:\\laragon\\www\\PolyFlix\\node_modules\\form-data' ]
17 silly reify mark retired [ 'C:\\laragon\\www\\PolyFlix\\node_modules\\rollup' ]
18 silly reify mark retired [ 'C:\\laragon\\www\\PolyFlix\\node_modules\\shell-quote' ]
19 silly reify mark retired [ 'C:\\laragon\\www\\PolyFlix\\node_modules\\tailwindcss' ]
20 silly reify mark retired [ 'C:\\laragon\\www\\PolyFlix\\node_modules\\vite' ]
21 silly reify mark retired [ 'C:\\laragon\\www\\PolyFlix\\node_modules\\@esbuild\\win32-x64' ]
22 silly reify mark retired [ 'C:\\laragon\\www\\PolyFlix\\node_modules\\@tailwindcss\\oxide' ]
23 silly reify mark retired [ 'C:\\laragon\\www\\PolyFlix\\node_modules\\@types\\estree' ]
24 silly reify mark retired [
24 silly reify   'C:\\laragon\\www\\PolyFlix\\node_modules\\@rollup\\rollup-win32-x64-msvc'
24 silly reify ]
25 silly reify mark retired [ 'C:\\laragon\\www\\PolyFlix\\node_modules\\gl-matrix' ]
26 silly reify mark retired [ 'C:\\laragon\\www\\PolyFlix\\node_modules\\laravel-echo' ]
27 silly reify moves {
27 silly reify   'C:\\laragon\\www\\PolyFlix\\node_modules\\concurrently': 'C:\\laragon\\www\\PolyFlix\\node_modules\\.concurrently-Q7W3JPrh',
27 silly reify   'C:\\laragon\\www\\PolyFlix\\node_modules\\form-data': 'C:\\laragon\\www\\PolyFlix\\node_modules\\.form-data-xqqaekkD',
27 silly reify   'C:\\laragon\\www\\PolyFlix\\node_modules\\rollup': 'C:\\laragon\\www\\PolyFlix\\node_modules\\.rollup-KCEaK7uG',
27 silly reify   'C:\\laragon\\www\\PolyFlix\\node_modules\\shell-quote': 'C:\\laragon\\www\\PolyFlix\\node_modules\\.shell-quote-NzQ3ipOJ',
27 silly reify   'C:\\laragon\\www\\PolyFlix\\node_modules\\tailwindcss': 'C:\\laragon\\www\\PolyFlix\\node_modules\\.tailwindcss-6X0zxMvQ',
27 silly reify   'C:\\laragon\\www\\PolyFlix\\node_modules\\vite': 'C:\\laragon\\www\\PolyFlix\\node_modules\\.vite-GnyyRPB5',
27 silly reify   'C:\\laragon\\www\\PolyFlix\\node_modules\\@esbuild\\win32-x64': 'C:\\laragon\\www\\PolyFlix\\node_modules\\@esbuild\\.win32-x64-UXtJDDjZ',
27 silly reify   'C:\\laragon\\www\\PolyFlix\\node_modules\\@tailwindcss\\oxide': 'C:\\laragon\\www\\PolyFlix\\node_modules\\@tailwindcss\\.oxide-RZHE2rfu',
27 silly reify   'C:\\laragon\\www\\PolyFlix\\node_modules\\@types\\estree': 'C:\\laragon\\www\\PolyFlix\\node_modules\\@types\\.estree-kvepTpNw',
27 silly reify   'C:\\laragon\\www\\PolyFlix\\node_modules\\@rollup\\rollup-win32-x64-msvc': 'C:\\laragon\\www\\PolyFlix\\node_modules\\@rollup\\.rollup-win32-x64-msvc-qVkfY1hR',
27 silly reify   'C:\\laragon\\www\\PolyFlix\\node_modules\\gl-matrix': 'C:\\laragon\\www\\PolyFlix\\node_modules\\.gl-matrix-PhmF897r',
27 silly reify   'C:\\laragon\\www\\PolyFlix\\node_modules\\laravel-echo': 'C:\\laragon\\www\\PolyFlix\\node_modules\\.laravel-echo-EkrsY2Vd'
27 silly reify }
28 verbose reify failed optional dependency C:\laragon\www\PolyFlix\node_modules\@tailwindcss\oxide-wasm32-wasi
29 silly reify mark deleted [
29 silly reify   'C:\\laragon\\www\\PolyFlix\\node_modules\\@tailwindcss\\oxide-wasm32-wasi'
29 silly reify ]
30 silly audit bulk request {
30 silly audit   '@ampproject/remapping': [ '2.3.0' ],
30 silly audit   '@babel/polyfill': [ '7.12.1' ],
30 silly audit   '@ericblade/quagga2': [ '1.8.4' ],
30 silly audit   '@esbuild/aix-ppc64': [ '0.21.5' ],
30 silly audit   '@esbuild/android-arm': [ '0.21.5' ],
30 silly audit   '@esbuild/android-arm64': [ '0.21.5' ],
30 silly audit   '@esbuild/android-x64': [ '0.21.5' ],
30 silly audit   '@esbuild/darwin-arm64': [ '0.21.5' ],
30 silly audit   '@esbuild/darwin-x64': [ '0.21.5' ],
30 silly audit   '@esbuild/freebsd-arm64': [ '0.21.5' ],
30 silly audit   '@esbuild/freebsd-x64': [ '0.21.5' ],
30 silly audit   '@esbuild/linux-arm': [ '0.21.5' ],
30 silly audit   '@esbuild/linux-arm64': [ '0.21.5' ],
30 silly audit   '@esbuild/linux-ia32': [ '0.21.5' ],
30 silly audit   '@esbuild/linux-loong64': [ '0.21.5' ],
30 silly audit   '@esbuild/linux-mips64el': [ '0.21.5' ],
30 silly audit   '@esbuild/linux-ppc64': [ '0.21.5' ],
30 silly audit   '@esbuild/linux-riscv64': [ '0.21.5' ],
30 silly audit   '@esbuild/linux-s390x': [ '0.21.5' ],
30 silly audit   '@esbuild/linux-x64': [ '0.21.5' ],
30 silly audit   '@esbuild/netbsd-x64': [ '0.21.5' ],
30 silly audit   '@esbuild/openbsd-x64': [ '0.21.5' ],
30 silly audit   '@esbuild/sunos-x64': [ '0.21.5' ],
30 silly audit   '@esbuild/win32-arm64': [ '0.21.5' ],
30 silly audit   '@esbuild/win32-ia32': [ '0.21.5' ],
30 silly audit   '@esbuild/win32-x64': [ '0.21.5' ],
30 silly audit   '@isaacs/fs-minipass': [ '4.0.1' ],
30 silly audit   '@jridgewell/gen-mapping': [ '0.3.12' ],
30 silly audit   '@jridgewell/resolve-uri': [ '3.1.2' ],
30 silly audit   '@jridgewell/sourcemap-codec': [ '1.5.4' ],
30 silly audit   '@jridgewell/trace-mapping': [ '0.3.29' ],
30 silly audit   '@popperjs/core': [ '2.11.8' ],
30 silly audit   '@rollup/rollup-android-arm-eabi': [ '4.46.2' ],
30 silly audit   '@rollup/rollup-android-arm64': [ '4.46.2' ],
30 silly audit   '@rollup/rollup-darwin-arm64': [ '4.46.2' ],
30 silly audit   '@rollup/rollup-darwin-x64': [ '4.46.2' ],
30 silly audit   '@rollup/rollup-freebsd-arm64': [ '4.46.2' ],
30 silly audit   '@rollup/rollup-freebsd-x64': [ '4.46.2' ],
30 silly audit   '@rollup/rollup-linux-arm-gnueabihf': [ '4.46.2' ],
30 silly audit   '@rollup/rollup-linux-arm-musleabihf': [ '4.46.2' ],
30 silly audit   '@rollup/rollup-linux-arm64-gnu': [ '4.46.2' ],
30 silly audit   '@rollup/rollup-linux-arm64-musl': [ '4.46.2' ],
30 silly audit   '@rollup/rollup-linux-loongarch64-gnu': [ '4.46.2' ],
30 silly audit   '@rollup/rollup-linux-ppc64-gnu': [ '4.46.2' ],
30 silly audit   '@rollup/rollup-linux-riscv64-gnu': [ '4.46.2' ],
30 silly audit   '@rollup/rollup-linux-riscv64-musl': [ '4.46.2' ],
30 silly audit   '@rollup/rollup-linux-s390x-gnu': [ '4.46.2' ],
30 silly audit   '@rollup/rollup-linux-x64-gnu': [ '4.46.2' ],
30 silly audit   '@rollup/rollup-linux-x64-musl': [ '4.46.2' ],
30 silly audit   '@rollup/rollup-win32-arm64-msvc': [ '4.46.2' ],
30 silly audit   '@rollup/rollup-win32-ia32-msvc': [ '4.46.2' ],
30 silly audit   '@rollup/rollup-win32-x64-msvc': [ '4.46.2' ],
30 silly audit   '@socket.io/component-emitter': [ '3.1.2' ],
30 silly audit   '@tailwindcss/node': [ '4.1.11' ],
30 silly audit   '@tailwindcss/oxide': [ '4.1.11' ],
30 silly audit   '@tailwindcss/oxide-android-arm64': [ '4.1.11' ],
30 silly audit   '@tailwindcss/oxide-darwin-arm64': [ '4.1.11' ],
30 silly audit   '@tailwindcss/oxide-darwin-x64': [ '4.1.11' ],
30 silly audit   '@tailwindcss/oxide-freebsd-x64': [ '4.1.11' ],
30 silly audit   '@tailwindcss/oxide-linux-arm-gnueabihf': [ '4.1.11' ],
30 silly audit   '@tailwindcss/oxide-linux-arm64-gnu': [ '4.1.11' ],
30 silly audit   '@tailwindcss/oxide-linux-arm64-musl': [ '4.1.11' ],
30 silly audit   '@tailwindcss/oxide-linux-x64-gnu': [ '4.1.11' ],
30 silly audit   '@tailwindcss/oxide-linux-x64-musl': [ '4.1.11' ],
30 silly audit   '@tailwindcss/oxide-win32-arm64-msvc': [ '4.1.11' ],
30 silly audit   '@tailwindcss/oxide-win32-x64-msvc': [ '4.1.11' ],
30 silly audit   '@tailwindcss/vite': [ '4.1.11' ],
30 silly audit   '@types/estree': [ '1.0.8' ],
30 silly audit   ajv: [ '6.12.6' ],
30 silly audit   'ansi-regex': [ '5.0.1' ],
30 silly audit   'ansi-styles': [ '4.3.0' ],
30 silly audit   asn1: [ '0.2.6' ],
30 silly audit   'assert-plus': [ '1.0.0' ],
30 silly audit   asynckit: [ '0.4.0' ],
30 silly audit   'aws-sign2': [ '0.7.0' ],
30 silly audit   aws4: [ '1.13.2' ],
30 silly audit   axios: [ '1.11.0' ],
30 silly audit   'bcrypt-pbkdf': [ '1.0.2' ],
30 silly audit   tweetnacl: [ '0.14.5', '1.0.3' ],
30 silly audit   bootstrap: [ '5.3.7' ],
30 silly audit   'call-bind-apply-helpers': [ '1.0.2' ],
30 silly audit   caseless: [ '0.12.0' ],
30 silly audit   chalk: [ '4.1.2' ],
30 silly audit   'supports-color': [ '7.2.0', '8.1.1' ],
30 silly audit   chownr: [ '3.0.0' ],
30 silly audit   cliui: [ '8.0.1' ],
30 silly audit   'color-convert': [ '2.0.1' ],
30 silly audit   'color-name': [ '1.1.4' ],
30 silly audit   'combined-stream': [ '1.0.8' ],
30 silly audit   concurrently: [ '9.2.0' ],
30 silly audit   'core-js': [ '2.6.12' ],
30 silly audit   'core-util-is': [ '1.0.2' ],
30 silly audit   'cwise-compiler': [ '1.1.3' ],
30 silly audit   dashdash: [ '1.14.1' ],
30 silly audit   'data-uri-to-buffer': [ '0.0.3' ],
30 silly audit   debug: [ '4.3.7' ],
30 silly audit   'delayed-stream': [ '1.0.0' ],
30 silly audit   'detect-libc': [ '2.0.4' ],
30 silly audit   'dunder-proto': [ '1.0.1' ],
30 silly audit   'ecc-jsbn': [ '0.1.2' ],
30 silly audit   'emoji-regex': [ '8.0.0' ],
30 silly audit   'engine.io-client': [ '6.6.3' ],
30 silly audit   'engine.io-parser': [ '5.2.3' ],
30 silly audit   'enhanced-resolve': [ '5.18.3' ],
30 silly audit   'es-define-property': [ '1.0.1' ],
30 silly audit   'es-errors': [ '1.3.0' ],
30 silly audit   'es-object-atoms': [ '1.1.1' ],
30 silly audit   'es-set-tostringtag': [ '2.1.0' ],
30 silly audit   esbuild: [ '0.21.5' ],
30 silly audit   escalade: [ '3.2.0' ],
30 silly audit   extend: [ '3.0.2' ],
30 silly audit   extsprintf: [ '1.3.0' ],
30 silly audit   'fast-deep-equal': [ '3.1.3' ],
30 silly audit   'fast-json-stable-stringify': [ '2.1.0' ],
30 silly audit   'follow-redirects': [ '1.15.11' ],
30 silly audit   'forever-agent': [ '0.6.1' ],
30 silly audit   'form-data': [ '4.0.4', '2.3.3' ],
30 silly audit   fsevents: [ '2.3.3' ],
30 silly audit   'function-bind': [ '1.1.2' ],
30 silly audit   'get-caller-file': [ '2.0.5' ],
30 silly audit   'get-intrinsic': [ '1.3.0' ],
30 silly audit   'get-pixels': [ '3.3.3' ],
30 silly audit   'get-proto': [ '1.0.1' ],
30 silly audit   getpass: [ '0.1.7' ],
30 silly audit   'gl-matrix': [ '3.4.4' ],
30 silly audit   gopd: [ '1.2.0' ],
30 silly audit   'graceful-fs': [ '4.2.11' ],
30 silly audit   'har-schema': [ '2.0.0' ],
30 silly audit   'har-validator': [ '5.1.5' ],
30 silly audit   'has-flag': [ '4.0.0' ],
30 silly audit   'has-symbols': [ '1.1.0' ],
30 silly audit   'has-tostringtag': [ '1.0.2' ],
30 silly audit   hasown: [ '2.0.2' ],
30 silly audit   'http-signature': [ '1.2.0' ],
30 silly audit   'iota-array': [ '1.0.0' ],
30 silly audit   'is-buffer': [ '1.1.6' ],
30 silly audit   'is-fullwidth-code-point': [ '3.0.0' ],
30 silly audit   'is-typedarray': [ '1.0.0' ],
30 silly audit   isstream: [ '0.1.2' ],
30 silly audit   jiti: [ '2.5.1' ],
30 silly audit   'jpeg-js': [ '0.4.4' ],
30 silly audit   jquery: [ '3.7.1' ],
30 silly audit   jsbn: [ '0.1.1' ],
30 silly audit   'json-schema': [ '0.4.0' ],
30 silly audit   'json-schema-traverse': [ '0.4.1' ],
30 silly audit   'json-stringify-safe': [ '5.0.1' ],
30 silly audit   jsprim: [ '1.4.2' ],
30 silly audit   'laravel-echo': [ '2.2.0' ],
30 silly audit   'laravel-vite-plugin': [ '1.3.0' ],
30 silly audit   lightningcss: [ '1.30.1' ],
30 silly audit   'lightningcss-darwin-arm64': [ '1.30.1' ],
30 silly audit   'lightningcss-darwin-x64': [ '1.30.1' ],
30 silly audit   'lightningcss-freebsd-x64': [ '1.30.1' ],
30 silly audit   'lightningcss-linux-arm-gnueabihf': [ '1.30.1' ],
30 silly audit   'lightningcss-linux-arm64-gnu': [ '1.30.1' ],
30 silly audit   'lightningcss-linux-arm64-musl': [ '1.30.1' ],
30 silly audit   'lightningcss-linux-x64-gnu': [ '1.30.1' ],
30 silly audit   'lightningcss-linux-x64-musl': [ '1.30.1' ],
30 silly audit   'lightningcss-win32-arm64-msvc': [ '1.30.1' ],
30 silly audit   'lightningcss-win32-x64-msvc': [ '1.30.1' ],
30 silly audit   lodash: [ '4.17.21' ],
30 silly audit   'magic-string': [ '0.30.17' ],
30 silly audit   'math-intrinsics': [ '1.1.0' ],
30 silly audit   'mime-db': [ '1.52.0' ],
30 silly audit   'mime-types': [ '2.1.35' ],
30 silly audit   minipass: [ '7.1.2' ],
30 silly audit   minizlib: [ '3.0.2' ],
30 silly audit   mkdirp: [ '3.0.1' ],
30 silly audit   ms: [ '2.1.3' ],
30 silly audit   nanoid: [ '3.3.11' ],
30 silly audit   ndarray: [ '1.0.19' ],
30 silly audit   'ndarray-linear-interpolate': [ '1.0.0' ],
30 silly audit   'ndarray-pack': [ '1.2.1' ],
30 silly audit   'node-bitmap': [ '0.0.1' ],
30 silly audit   'oauth-sign': [ '0.9.0' ],
30 silly audit   omggif: [ '1.0.10' ],
30 silly audit   'parse-data-uri': [ '0.2.0' ],
30 silly audit   'performance-now': [ '2.1.0' ],
30 silly audit   picocolors: [ '1.1.1' ],
30 silly audit   picomatch: [ '2.3.1' ],
30 silly audit   pngjs: [ '3.4.0' ],
30 silly audit   postcss: [ '8.5.6' ],
30 silly audit   'proxy-from-env': [ '1.1.0' ],
30 silly audit   psl: [ '1.15.0' ],
30 silly audit   punycode: [ '2.3.1' ],
30 silly audit   'pusher-js': [ '8.4.0' ],
30 silly audit   qs: [ '6.5.3' ],
30 silly audit   'regenerator-runtime': [ '0.13.11' ],
30 silly audit   request: [ '2.88.2' ],
30 silly audit   'require-directory': [ '2.1.1' ],
30 silly audit   rollup: [ '4.46.2' ],
30 silly audit   rxjs: [ '7.8.2' ],
30 silly audit   'safe-buffer': [ '5.2.1' ],
30 silly audit   'safer-buffer': [ '2.1.2' ],
30 silly audit   select2: [ '4.1.0-rc.0' ],
30 silly audit   'shell-quote': [ '1.8.3' ],
30 silly audit   'socket.io-client': [ '4.8.1' ],
30 silly audit   'socket.io-parser': [ '4.2.4' ],
30 silly audit   'source-map-js': [ '1.2.1' ],
30 silly audit   sshpk: [ '1.18.0' ],
30 silly audit   'string-width': [ '4.2.3' ],
30 silly audit   'strip-ansi': [ '6.0.1' ],
30 silly audit   tailwindcss: [ '4.1.11' ],
30 silly audit   tapable: [ '2.2.2' ],
30 silly audit   tar: [ '7.4.3' ],
30 silly audit   through: [ '2.3.8' ],
30 silly audit   'tough-cookie': [ '2.5.0' ],
30 silly audit   'tree-kill': [ '1.2.2' ],
30 silly audit   tslib: [ '2.8.1' ],
30 silly audit   'tunnel-agent': [ '0.6.0' ],
30 silly audit   uniq: [ '1.0.1' ],
30 silly audit   'uri-js': [ '4.4.1' ],
30 silly audit   uuid: [ '3.4.0' ],
30 silly audit   verror: [ '1.10.0' ],
30 silly audit   vite: [ '5.4.19' ],
30 silly audit   'vite-plugin-full-reload': [ '1.2.0' ],
30 silly audit   'wrap-ansi': [ '7.0.0' ],
30 silly audit   ws: [ '8.17.1' ],
30 silly audit   'xmlhttprequest-ssl': [ '2.1.2' ],
30 silly audit   y18n: [ '5.0.8' ],
30 silly audit   yallist: [ '5.0.0' ],
30 silly audit   yargs: [ '17.7.2' ],
30 silly audit   'yargs-parser': [ '21.1.1' ],
30 silly audit   '@tailwindcss/oxide-wasm32-wasi': [ '4.1.11' ]
30 silly audit }
31 verbose reify failed optional dependency C:\laragon\www\PolyFlix\node_modules\lightningcss-win32-arm64-msvc
32 silly reify mark deleted [
32 silly reify   'C:\\laragon\\www\\PolyFlix\\node_modules\\lightningcss-win32-arm64-msvc'
32 silly reify ]
33 verbose reify failed optional dependency C:\laragon\www\PolyFlix\node_modules\lightningcss-linux-x64-musl
34 silly reify mark deleted [
34 silly reify   'C:\\laragon\\www\\PolyFlix\\node_modules\\lightningcss-linux-x64-musl'
34 silly reify ]
35 verbose reify failed optional dependency C:\laragon\www\PolyFlix\node_modules\lightningcss-linux-x64-gnu
36 silly reify mark deleted [
36 silly reify   'C:\\laragon\\www\\PolyFlix\\node_modules\\lightningcss-linux-x64-gnu'
36 silly reify ]
37 verbose reify failed optional dependency C:\laragon\www\PolyFlix\node_modules\lightningcss-linux-arm64-musl
38 silly reify mark deleted [
38 silly reify   'C:\\laragon\\www\\PolyFlix\\node_modules\\lightningcss-linux-arm64-musl'
38 silly reify ]
39 verbose reify failed optional dependency C:\laragon\www\PolyFlix\node_modules\lightningcss-linux-arm64-gnu
40 silly reify mark deleted [
40 silly reify   'C:\\laragon\\www\\PolyFlix\\node_modules\\lightningcss-linux-arm64-gnu'
40 silly reify ]
41 verbose reify failed optional dependency C:\laragon\www\PolyFlix\node_modules\lightningcss-linux-arm-gnueabihf
42 silly reify mark deleted [
42 silly reify   'C:\\laragon\\www\\PolyFlix\\node_modules\\lightningcss-linux-arm-gnueabihf'
42 silly reify ]
43 verbose reify failed optional dependency C:\laragon\www\PolyFlix\node_modules\lightningcss-freebsd-x64
44 silly reify mark deleted [
44 silly reify   'C:\\laragon\\www\\PolyFlix\\node_modules\\lightningcss-freebsd-x64'
44 silly reify ]
45 verbose reify failed optional dependency C:\laragon\www\PolyFlix\node_modules\lightningcss-darwin-x64
46 silly reify mark deleted [ 'C:\\laragon\\www\\PolyFlix\\node_modules\\lightningcss-darwin-x64' ]
47 verbose reify failed optional dependency C:\laragon\www\PolyFlix\node_modules\lightningcss-darwin-arm64
48 silly reify mark deleted [
48 silly reify   'C:\\laragon\\www\\PolyFlix\\node_modules\\lightningcss-darwin-arm64'
48 silly reify ]
49 verbose reify failed optional dependency C:\laragon\www\PolyFlix\node_modules\fsevents
50 silly reify mark deleted [ 'C:\\laragon\\www\\PolyFlix\\node_modules\\fsevents' ]
51 verbose reify failed optional dependency C:\laragon\www\PolyFlix\node_modules\@tailwindcss\oxide-win32-arm64-msvc
52 silly reify mark deleted [
52 silly reify   'C:\\laragon\\www\\PolyFlix\\node_modules\\@tailwindcss\\oxide-win32-arm64-msvc'
52 silly reify ]
53 verbose reify failed optional dependency C:\laragon\www\PolyFlix\node_modules\@tailwindcss\oxide-linux-x64-musl
54 silly reify mark deleted [
54 silly reify   'C:\\laragon\\www\\PolyFlix\\node_modules\\@tailwindcss\\oxide-linux-x64-musl'
54 silly reify ]
55 verbose reify failed optional dependency C:\laragon\www\PolyFlix\node_modules\@tailwindcss\oxide-linux-x64-gnu
56 silly reify mark deleted [
56 silly reify   'C:\\laragon\\www\\PolyFlix\\node_modules\\@tailwindcss\\oxide-linux-x64-gnu'
56 silly reify ]
57 verbose reify failed optional dependency C:\laragon\www\PolyFlix\node_modules\@tailwindcss\oxide-linux-arm64-musl
58 silly reify mark deleted [
58 silly reify   'C:\\laragon\\www\\PolyFlix\\node_modules\\@tailwindcss\\oxide-linux-arm64-musl'
58 silly reify ]
59 verbose reify failed optional dependency C:\laragon\www\PolyFlix\node_modules\@tailwindcss\oxide-linux-arm64-gnu
60 silly reify mark deleted [
60 silly reify   'C:\\laragon\\www\\PolyFlix\\node_modules\\@tailwindcss\\oxide-linux-arm64-gnu'
60 silly reify ]
61 verbose reify failed optional dependency C:\laragon\www\PolyFlix\node_modules\@tailwindcss\oxide-linux-arm-gnueabihf
62 silly reify mark deleted [
62 silly reify   'C:\\laragon\\www\\PolyFlix\\node_modules\\@tailwindcss\\oxide-linux-arm-gnueabihf'
62 silly reify ]
63 verbose reify failed optional dependency C:\laragon\www\PolyFlix\node_modules\@tailwindcss\oxide-freebsd-x64
64 silly reify mark deleted [
64 silly reify   'C:\\laragon\\www\\PolyFlix\\node_modules\\@tailwindcss\\oxide-freebsd-x64'
64 silly reify ]
65 verbose reify failed optional dependency C:\laragon\www\PolyFlix\node_modules\@tailwindcss\oxide-darwin-x64
66 silly reify mark deleted [
66 silly reify   'C:\\laragon\\www\\PolyFlix\\node_modules\\@tailwindcss\\oxide-darwin-x64'
66 silly reify ]
67 verbose reify failed optional dependency C:\laragon\www\PolyFlix\node_modules\@tailwindcss\oxide-darwin-arm64
68 silly reify mark deleted [
68 silly reify   'C:\\laragon\\www\\PolyFlix\\node_modules\\@tailwindcss\\oxide-darwin-arm64'
68 silly reify ]
69 verbose reify failed optional dependency C:\laragon\www\PolyFlix\node_modules\@tailwindcss\oxide-android-arm64
70 silly reify mark deleted [
70 silly reify   'C:\\laragon\\www\\PolyFlix\\node_modules\\@tailwindcss\\oxide-android-arm64'
70 silly reify ]
71 verbose reify failed optional dependency C:\laragon\www\PolyFlix\node_modules\@rollup\rollup-win32-ia32-msvc
72 silly reify mark deleted [
72 silly reify   'C:\\laragon\\www\\PolyFlix\\node_modules\\@rollup\\rollup-win32-ia32-msvc'
72 silly reify ]
73 verbose reify failed optional dependency C:\laragon\www\PolyFlix\node_modules\@rollup\rollup-win32-arm64-msvc
74 silly reify mark deleted [
74 silly reify   'C:\\laragon\\www\\PolyFlix\\node_modules\\@rollup\\rollup-win32-arm64-msvc'
74 silly reify ]
75 verbose reify failed optional dependency C:\laragon\www\PolyFlix\node_modules\@rollup\rollup-linux-x64-musl
76 silly reify mark deleted [
76 silly reify   'C:\\laragon\\www\\PolyFlix\\node_modules\\@rollup\\rollup-linux-x64-musl'
76 silly reify ]
77 verbose reify failed optional dependency C:\laragon\www\PolyFlix\node_modules\@rollup\rollup-linux-x64-gnu
78 silly reify mark deleted [
78 silly reify   'C:\\laragon\\www\\PolyFlix\\node_modules\\@rollup\\rollup-linux-x64-gnu'
78 silly reify ]
79 verbose reify failed optional dependency C:\laragon\www\PolyFlix\node_modules\@rollup\rollup-linux-s390x-gnu
80 silly reify mark deleted [
80 silly reify   'C:\\laragon\\www\\PolyFlix\\node_modules\\@rollup\\rollup-linux-s390x-gnu'
80 silly reify ]
81 verbose reify failed optional dependency C:\laragon\www\PolyFlix\node_modules\@rollup\rollup-linux-riscv64-musl
82 silly reify mark deleted [
82 silly reify   'C:\\laragon\\www\\PolyFlix\\node_modules\\@rollup\\rollup-linux-riscv64-musl'
82 silly reify ]
83 verbose reify failed optional dependency C:\laragon\www\PolyFlix\node_modules\@rollup\rollup-linux-riscv64-gnu
84 silly reify mark deleted [
84 silly reify   'C:\\laragon\\www\\PolyFlix\\node_modules\\@rollup\\rollup-linux-riscv64-gnu'
84 silly reify ]
85 verbose reify failed optional dependency C:\laragon\www\PolyFlix\node_modules\@rollup\rollup-linux-ppc64-gnu
86 silly reify mark deleted [
86 silly reify   'C:\\laragon\\www\\PolyFlix\\node_modules\\@rollup\\rollup-linux-ppc64-gnu'
86 silly reify ]
87 verbose reify failed optional dependency C:\laragon\www\PolyFlix\node_modules\@rollup\rollup-linux-loongarch64-gnu
88 silly reify mark deleted [
88 silly reify   'C:\\laragon\\www\\PolyFlix\\node_modules\\@rollup\\rollup-linux-loongarch64-gnu'
88 silly reify ]
89 verbose reify failed optional dependency C:\laragon\www\PolyFlix\node_modules\@rollup\rollup-linux-arm64-musl
90 silly reify mark deleted [
90 silly reify   'C:\\laragon\\www\\PolyFlix\\node_modules\\@rollup\\rollup-linux-arm64-musl'
90 silly reify ]
91 verbose reify failed optional dependency C:\laragon\www\PolyFlix\node_modules\@rollup\rollup-linux-arm64-gnu
92 silly reify mark deleted [
92 silly reify   'C:\\laragon\\www\\PolyFlix\\node_modules\\@rollup\\rollup-linux-arm64-gnu'
92 silly reify ]
93 verbose reify failed optional dependency C:\laragon\www\PolyFlix\node_modules\@rollup\rollup-linux-arm-musleabihf
94 silly reify mark deleted [
94 silly reify   'C:\\laragon\\www\\PolyFlix\\node_modules\\@rollup\\rollup-linux-arm-musleabihf'
94 silly reify ]
95 verbose reify failed optional dependency C:\laragon\www\PolyFlix\node_modules\@rollup\rollup-linux-arm-gnueabihf
96 silly reify mark deleted [
96 silly reify   'C:\\laragon\\www\\PolyFlix\\node_modules\\@rollup\\rollup-linux-arm-gnueabihf'
96 silly reify ]
97 verbose reify failed optional dependency C:\laragon\www\PolyFlix\node_modules\@rollup\rollup-freebsd-x64
98 silly reify mark deleted [
98 silly reify   'C:\\laragon\\www\\PolyFlix\\node_modules\\@rollup\\rollup-freebsd-x64'
98 silly reify ]
99 verbose reify failed optional dependency C:\laragon\www\PolyFlix\node_modules\@rollup\rollup-freebsd-arm64
100 silly reify mark deleted [
100 silly reify   'C:\\laragon\\www\\PolyFlix\\node_modules\\@rollup\\rollup-freebsd-arm64'
100 silly reify ]
101 verbose reify failed optional dependency C:\laragon\www\PolyFlix\node_modules\@rollup\rollup-darwin-x64
102 silly reify mark deleted [
102 silly reify   'C:\\laragon\\www\\PolyFlix\\node_modules\\@rollup\\rollup-darwin-x64'
102 silly reify ]
103 verbose reify failed optional dependency C:\laragon\www\PolyFlix\node_modules\@rollup\rollup-darwin-arm64
104 silly reify mark deleted [
104 silly reify   'C:\\laragon\\www\\PolyFlix\\node_modules\\@rollup\\rollup-darwin-arm64'
104 silly reify ]
105 verbose reify failed optional dependency C:\laragon\www\PolyFlix\node_modules\@rollup\rollup-android-arm64
106 silly reify mark deleted [
106 silly reify   'C:\\laragon\\www\\PolyFlix\\node_modules\\@rollup\\rollup-android-arm64'
106 silly reify ]
107 verbose reify failed optional dependency C:\laragon\www\PolyFlix\node_modules\@rollup\rollup-android-arm-eabi
108 silly reify mark deleted [
108 silly reify   'C:\\laragon\\www\\PolyFlix\\node_modules\\@rollup\\rollup-android-arm-eabi'
108 silly reify ]
109 verbose reify failed optional dependency C:\laragon\www\PolyFlix\node_modules\@esbuild\win32-ia32
110 silly reify mark deleted [ 'C:\\laragon\\www\\PolyFlix\\node_modules\\@esbuild\\win32-ia32' ]
111 verbose reify failed optional dependency C:\laragon\www\PolyFlix\node_modules\@esbuild\win32-arm64
112 silly reify mark deleted [ 'C:\\laragon\\www\\PolyFlix\\node_modules\\@esbuild\\win32-arm64' ]
113 verbose reify failed optional dependency C:\laragon\www\PolyFlix\node_modules\@esbuild\sunos-x64
114 silly reify mark deleted [ 'C:\\laragon\\www\\PolyFlix\\node_modules\\@esbuild\\sunos-x64' ]
115 verbose reify failed optional dependency C:\laragon\www\PolyFlix\node_modules\@esbuild\openbsd-x64
116 silly reify mark deleted [ 'C:\\laragon\\www\\PolyFlix\\node_modules\\@esbuild\\openbsd-x64' ]
117 verbose reify failed optional dependency C:\laragon\www\PolyFlix\node_modules\@esbuild\netbsd-x64
118 silly reify mark deleted [ 'C:\\laragon\\www\\PolyFlix\\node_modules\\@esbuild\\netbsd-x64' ]
119 verbose reify failed optional dependency C:\laragon\www\PolyFlix\node_modules\@esbuild\linux-x64
120 silly reify mark deleted [ 'C:\\laragon\\www\\PolyFlix\\node_modules\\@esbuild\\linux-x64' ]
121 verbose reify failed optional dependency C:\laragon\www\PolyFlix\node_modules\@esbuild\linux-s390x
122 silly reify mark deleted [ 'C:\\laragon\\www\\PolyFlix\\node_modules\\@esbuild\\linux-s390x' ]
123 verbose reify failed optional dependency C:\laragon\www\PolyFlix\node_modules\@esbuild\linux-riscv64
124 silly reify mark deleted [ 'C:\\laragon\\www\\PolyFlix\\node_modules\\@esbuild\\linux-riscv64' ]
125 verbose reify failed optional dependency C:\laragon\www\PolyFlix\node_modules\@esbuild\linux-ppc64
126 silly reify mark deleted [ 'C:\\laragon\\www\\PolyFlix\\node_modules\\@esbuild\\linux-ppc64' ]
127 verbose reify failed optional dependency C:\laragon\www\PolyFlix\node_modules\@esbuild\linux-mips64el
128 silly reify mark deleted [
128 silly reify   'C:\\laragon\\www\\PolyFlix\\node_modules\\@esbuild\\linux-mips64el'
128 silly reify ]
129 verbose reify failed optional dependency C:\laragon\www\PolyFlix\node_modules\@esbuild\linux-loong64
130 silly reify mark deleted [ 'C:\\laragon\\www\\PolyFlix\\node_modules\\@esbuild\\linux-loong64' ]
131 verbose reify failed optional dependency C:\laragon\www\PolyFlix\node_modules\@esbuild\linux-ia32
132 silly reify mark deleted [ 'C:\\laragon\\www\\PolyFlix\\node_modules\\@esbuild\\linux-ia32' ]
133 verbose reify failed optional dependency C:\laragon\www\PolyFlix\node_modules\@esbuild\linux-arm64
134 silly reify mark deleted [ 'C:\\laragon\\www\\PolyFlix\\node_modules\\@esbuild\\linux-arm64' ]
135 verbose reify failed optional dependency C:\laragon\www\PolyFlix\node_modules\@esbuild\linux-arm
136 silly reify mark deleted [ 'C:\\laragon\\www\\PolyFlix\\node_modules\\@esbuild\\linux-arm' ]
137 verbose reify failed optional dependency C:\laragon\www\PolyFlix\node_modules\@esbuild\freebsd-x64
138 silly reify mark deleted [ 'C:\\laragon\\www\\PolyFlix\\node_modules\\@esbuild\\freebsd-x64' ]
139 verbose reify failed optional dependency C:\laragon\www\PolyFlix\node_modules\@esbuild\freebsd-arm64
140 silly reify mark deleted [ 'C:\\laragon\\www\\PolyFlix\\node_modules\\@esbuild\\freebsd-arm64' ]
141 verbose reify failed optional dependency C:\laragon\www\PolyFlix\node_modules\@esbuild\darwin-x64
142 silly reify mark deleted [ 'C:\\laragon\\www\\PolyFlix\\node_modules\\@esbuild\\darwin-x64' ]
143 verbose reify failed optional dependency C:\laragon\www\PolyFlix\node_modules\@esbuild\darwin-arm64
144 silly reify mark deleted [ 'C:\\laragon\\www\\PolyFlix\\node_modules\\@esbuild\\darwin-arm64' ]
145 verbose reify failed optional dependency C:\laragon\www\PolyFlix\node_modules\@esbuild\android-x64
146 silly reify mark deleted [ 'C:\\laragon\\www\\PolyFlix\\node_modules\\@esbuild\\android-x64' ]
147 verbose reify failed optional dependency C:\laragon\www\PolyFlix\node_modules\@esbuild\android-arm64
148 silly reify mark deleted [ 'C:\\laragon\\www\\PolyFlix\\node_modules\\@esbuild\\android-arm64' ]
149 verbose reify failed optional dependency C:\laragon\www\PolyFlix\node_modules\@esbuild\android-arm
150 silly reify mark deleted [ 'C:\\laragon\\www\\PolyFlix\\node_modules\\@esbuild\\android-arm' ]
151 verbose reify failed optional dependency C:\laragon\www\PolyFlix\node_modules\@esbuild\aix-ppc64
152 silly reify mark deleted [ 'C:\\laragon\\www\\PolyFlix\\node_modules\\@esbuild\\aix-ppc64' ]
153 silly tarball no local data for follow-redirects@https://registry.npmjs.org/follow-redirects/-/follow-redirects-1.15.11.tgz. Extracting by manifest.
154 silly tarball no local data for enhanced-resolve@https://registry.npmjs.org/enhanced-resolve/-/enhanced-resolve-5.18.3.tgz. Extracting by manifest.
155 silly tarball no local data for laravel-echo@https://registry.npmjs.org/laravel-echo/-/laravel-echo-2.2.0.tgz. Extracting by manifest.
156 silly tarball no local data for gl-matrix@https://registry.npmjs.org/gl-matrix/-/gl-matrix-3.4.4.tgz. Extracting by manifest.
157 silly tarball no local data for @rollup/rollup-win32-x64-msvc@https://registry.npmjs.org/@rollup/rollup-win32-x64-msvc/-/rollup-win32-x64-msvc-4.46.2.tgz. Extracting by manifest.
158 silly tarball no local data for rollup@https://registry.npmjs.org/rollup/-/rollup-4.46.2.tgz. Extracting by manifest.
159 http fetch POST 200 https://registry.npmjs.org/-/npm/v1/security/advisories/bulk 880ms
160 silly audit report {
160 silly audit report   esbuild: [
160 silly audit report     {
160 silly audit report       id: 1102341,
160 silly audit report       url: 'https://github.com/advisories/GHSA-67mh-4wv8-2f99',
160 silly audit report       title: 'esbuild enables any website to send any requests to the development server and read the response',
160 silly audit report       severity: 'moderate',
160 silly audit report       vulnerable_versions: '<=0.24.2',
160 silly audit report       cwe: [Array],
160 silly audit report       cvss: [Object]
160 silly audit report     }
160 silly audit report   ],
160 silly audit report   'form-data': [
160 silly audit report     {
160 silly audit report       id: 1106509,
160 silly audit report       url: 'https://github.com/advisories/GHSA-fjxv-7rqg-78g4',
160 silly audit report       title: 'form-data uses unsafe random function in form-data for choosing boundary',
160 silly audit report       severity: 'critical',
160 silly audit report       vulnerable_versions: '<2.5.4',
160 silly audit report       cwe: [Array],
160 silly audit report       cvss: [Object]
160 silly audit report     }
160 silly audit report   ],
160 silly audit report   request: [
160 silly audit report     {
160 silly audit report       id: 1096727,
160 silly audit report       url: 'https://github.com/advisories/GHSA-p8p7-x288-28g6',
160 silly audit report       title: 'Server-Side Request Forgery in Request',
160 silly audit report       severity: 'moderate',
160 silly audit report       vulnerable_versions: '<=2.88.2',
160 silly audit report       cwe: [Array],
160 silly audit report       cvss: [Object]
160 silly audit report     }
160 silly audit report   ],
160 silly audit report   'tough-cookie': [
160 silly audit report     {
160 silly audit report       id: 1097682,
160 silly audit report       url: 'https://github.com/advisories/GHSA-72xf-g2v4-qvf3',
160 silly audit report       title: 'tough-cookie Prototype Pollution vulnerability',
160 silly audit report       severity: 'moderate',
160 silly audit report       vulnerable_versions: '<4.1.3',
160 silly audit report       cwe: [Array],
160 silly audit report       cvss: [Object]
160 silly audit report     }
160 silly audit report   ]
160 silly audit report }
161 silly packumentCache corgi:https://registry.npmjs.org/esbuild cache-miss
162 silly packumentCache corgi:https://registry.npmjs.org/form-data cache-miss
163 silly packumentCache corgi:https://registry.npmjs.org/request cache-miss
164 silly packumentCache corgi:https://registry.npmjs.org/tough-cookie cache-miss
165 http fetch GET 200 https://registry.npmjs.org/follow-redirects/-/follow-redirects-1.15.11.tgz 1067ms (cache miss)
166 http fetch GET 200 https://registry.npmjs.org/request 376ms (cache revalidated)
167 silly packumentCache corgi:https://registry.npmjs.org/request set size:129997 disposed:false
168 http fetch GET 200 https://registry.npmjs.org/form-data 401ms (cache revalidated)
169 silly packumentCache corgi:https://registry.npmjs.org/form-data set size:50252 disposed:false
170 http fetch GET 200 https://registry.npmjs.org/tough-cookie 503ms (cache updated)
171 silly packumentCache corgi:https://registry.npmjs.org/tough-cookie set size:undefined disposed:false
172 http fetch GET 200 https://registry.npmjs.org/esbuild 1035ms (cache updated)
173 silly packumentCache corgi:https://registry.npmjs.org/esbuild set size:undefined disposed:false
174 silly packumentCache corgi:https://registry.npmjs.org/vite cache-miss
175 http fetch GET 200 https://registry.npmjs.org/vite 148ms (cache hit)
176 silly packumentCache corgi:https://registry.npmjs.org/vite set size:2056036 disposed:false
177 http fetch GET 200 https://registry.npmjs.org/laravel-echo/-/laravel-echo-2.2.0.tgz 2352ms (cache miss)
178 silly packumentCache corgi:https://registry.npmjs.org/get-pixels cache-miss
179 http fetch GET 200 https://registry.npmjs.org/enhanced-resolve/-/enhanced-resolve-5.18.3.tgz 2506ms (cache miss)
180 http fetch GET 200 https://registry.npmjs.org/gl-matrix/-/gl-matrix-3.4.4.tgz 2540ms (cache miss)
181 http fetch GET 200 https://registry.npmjs.org/get-pixels 135ms (cache revalidated)
182 silly packumentCache corgi:https://registry.npmjs.org/get-pixels set size:18963 disposed:false
183 silly packumentCache corgi:https://registry.npmjs.org/@tailwindcss%2fvite cache-miss
184 silly packumentCache corgi:https://registry.npmjs.org/laravel-vite-plugin cache-miss
185 http fetch GET 200 https://registry.npmjs.org/@rollup/rollup-win32-x64-msvc/-/rollup-win32-x64-msvc-4.46.2.tgz 2878ms (cache miss)
186 http fetch GET 200 https://registry.npmjs.org/laravel-vite-plugin 249ms (cache revalidated)
187 silly packumentCache corgi:https://registry.npmjs.org/laravel-vite-plugin set size:61025 disposed:false
188 http fetch GET 200 https://registry.npmjs.org/rollup/-/rollup-4.46.2.tgz 3105ms (cache miss)
189 http fetch GET 200 https://registry.npmjs.org/@tailwindcss%2fvite 368ms (cache updated)
190 silly packumentCache corgi:https://registry.npmjs.org/@tailwindcss%2fvite set size:undefined disposed:false
191 silly packumentCache corgi:https://registry.npmjs.org/@ericblade%2fquagga2 cache-miss
192 http fetch GET 200 https://registry.npmjs.org/@ericblade%2fquagga2 719ms (cache revalidated)
193 silly packumentCache corgi:https://registry.npmjs.org/@ericblade%2fquagga2 set size:170439 disposed:false
194 info run @tailwindcss/oxide@4.1.11 postinstall node_modules/@tailwindcss/oxide node ./scripts/install.js
195 info run esbuild@0.21.5 postinstall node_modules/esbuild node install.js
196 info run esbuild@0.21.5 postinstall { code: 0, signal: null }
197 info run @tailwindcss/oxide@4.1.11 postinstall { code: 0, signal: null }
198 silly ADD node_modules/yargs-parser
199 silly ADD node_modules/yargs
200 silly ADD node_modules/y18n
201 silly ADD node_modules/wrap-ansi
202 silly ADD node_modules/vite-plugin-full-reload
203 silly ADD node_modules/tslib
204 silly ADD node_modules/tree-kill
205 silly ADD node_modules/tapable
206 silly ADD node_modules/supports-color
207 silly ADD node_modules/strip-ansi
208 silly ADD node_modules/string-width
209 silly ADD node_modules/source-map-js
210 silly ADD node_modules/rxjs
211 silly ADD node_modules/require-directory
212 silly ADD node_modules/proxy-from-env
213 silly ADD node_modules/postcss
214 silly ADD node_modules/picocolors
215 silly ADD node_modules/nanoid
216 silly ADD node_modules/mime-types
217 silly ADD node_modules/mime-db
218 silly ADD node_modules/math-intrinsics
219 silly ADD node_modules/lodash
220 silly ADD node_modules/lightningcss-win32-x64-msvc
221 silly ADD
222 silly ADD
223 silly ADD
224 silly ADD
225 silly ADD
226 silly ADD
227 silly ADD
228 silly ADD
229 silly ADD
230 silly ADD node_modules/lightningcss
231 silly ADD node_modules/laravel-vite-plugin
232 silly ADD node_modules/jiti
233 silly ADD node_modules/is-fullwidth-code-point
234 silly ADD node_modules/hasown
235 silly ADD node_modules/has-tostringtag
236 silly ADD node_modules/has-symbols
237 silly ADD node_modules/has-flag
238 silly ADD node_modules/graceful-fs
239 silly ADD node_modules/gopd
240 silly ADD node_modules/get-proto
241 silly ADD node_modules/get-intrinsic
242 silly ADD node_modules/get-caller-file
243 silly ADD node_modules/function-bind
244 silly ADD
245 silly ADD node_modules/follow-redirects
246 silly ADD node_modules/escalade
247 silly ADD node_modules/esbuild
248 silly ADD node_modules/es-set-tostringtag
249 silly ADD node_modules/es-object-atoms
250 silly ADD node_modules/es-errors
251 silly ADD node_modules/es-define-property
252 silly ADD node_modules/enhanced-resolve
253 silly ADD node_modules/emoji-regex
254 silly ADD node_modules/dunder-proto
255 silly ADD node_modules/detect-libc
256 silly ADD node_modules/delayed-stream
257 silly ADD node_modules/combined-stream
258 silly ADD node_modules/color-name
259 silly ADD node_modules/color-convert
260 silly ADD node_modules/cliui
261 silly ADD node_modules/chalk
262 silly ADD node_modules/chalk/node_modules/supports-color
263 silly ADD node_modules/call-bind-apply-helpers
264 silly ADD node_modules/axios
265 silly ADD node_modules/asynckit
266 silly ADD node_modules/ansi-styles
267 silly ADD node_modules/ansi-regex
268 silly ADD node_modules/@tailwindcss/vite
269 silly ADD node_modules/@tailwindcss/oxide-win32-x64-msvc
270 silly ADD
271 silly ADD
272 silly ADD
273 silly ADD
274 silly ADD
275 silly ADD
276 silly ADD
277 silly ADD
278 silly ADD
279 silly ADD
280 silly ADD
281 silly ADD node_modules/@tailwindcss/node
282 silly ADD
283 silly ADD
284 silly ADD
285 silly ADD
286 silly ADD
287 silly ADD
288 silly ADD
289 silly ADD
290 silly ADD
291 silly ADD
292 silly ADD
293 silly ADD
294 silly ADD
295 silly ADD
296 silly ADD
297 silly ADD
298 silly ADD
299 silly ADD
300 silly ADD
301 silly ADD
302 silly ADD
303 silly ADD
304 silly ADD
305 silly ADD
306 silly ADD
307 silly ADD
308 silly ADD
309 silly ADD
310 silly ADD
311 silly ADD
312 silly ADD
313 silly ADD
314 silly ADD
315 silly ADD
316 silly ADD
317 silly ADD
318 silly ADD
319 silly ADD
320 silly ADD
321 silly ADD
322 silly ADD
323 silly CHANGE node_modules/laravel-echo
324 silly CHANGE node_modules/gl-matrix
325 silly CHANGE node_modules/@rollup/rollup-win32-x64-msvc
326 silly CHANGE node_modules/@types/estree
327 silly CHANGE node_modules/@tailwindcss/oxide
328 silly CHANGE node_modules/@esbuild/win32-x64
329 silly CHANGE node_modules/vite
330 silly CHANGE node_modules/tailwindcss
331 silly CHANGE node_modules/shell-quote
332 silly CHANGE node_modules/rollup
333 silly CHANGE node_modules/form-data
334 silly CHANGE node_modules/concurrently
335 verbose cwd C:\laragon\www\PolyFlix
336 verbose os Windows_NT 10.0.26100
337 verbose node v20.11.1
338 verbose npm  v10.9.0
339 verbose exit 0
340 info ok
