0 verbose cli D:\Program Files\nodejs\node.exe C:\Users\Trung Kiên\AppData\Roaming\npm\node_modules\npm\bin\npm-cli.js
1 info using npm@10.9.0
2 info using node@v20.11.1
3 silly config load:file:C:\Users\Trung Kiên\AppData\Roaming\npm\node_modules\npm\npmrc
4 silly config load:file:C:\laragon\www\PolyFlix\.npmrc
5 silly config load:file:C:\Users\Trung Kiên\.npmrc
6 silly config load:file:C:\Users\Trung Kiên\AppData\Roaming\npm\etc\npmrc
7 verbose title npm run build
8 verbose argv "run" "build"
9 verbose logfile logs-max:10 dir:C:\laragon\www\PolyFlix\tmpnodejsnpm-cache\_logs\2025-06-22T18_40_37_062Z-
10 verbose logfile C:\laragon\www\PolyFlix\tmpnodejsnpm-cache\_logs\2025-06-22T18_40_37_062Z-debug-0.log
11 silly logfile start cleaning logs, removing 3 files
12 silly logfile error removing log file C:\laragon\www\PolyFlix\tmpnodejsnpm-cache\_logs\2025-06-22T17_09_44_631Z-debug-0.log [Error: EPERM: operation not permitted, lstat 'C:\laragon\www\PolyFlix\tmpnodejsnpm-cache\_logs\2025-06-22T17_09_44_631Z-debug-0.log'] {
12 silly logfile   errno: -4048,
12 silly logfile   code: 'EPERM',
12 silly logfile   syscall: 'lstat',
12 silly logfile   path: 'C:\\laragon\\www\\PolyFlix\\tmpnodejsnpm-cache\\_logs\\2025-06-22T17_09_44_631Z-debug-0.log'
12 silly logfile }
13 silly logfile done cleaning log files
14 verbose cwd C:\laragon\www\PolyFlix
15 verbose os Windows_NT 10.0.26100
16 verbose node v20.11.1
17 verbose npm  v10.9.0
18 verbose exit 0
19 info ok
