0 verbose cli D:\Program Files\nodejs\node.exe C:\Users\Trung Kiên\AppData\Roaming\npm\node_modules\npm\bin\npm-cli.js
1 info using npm@10.9.0
2 info using node@v20.11.1
3 silly config load:file:C:\Users\Trung Kiên\AppData\Roaming\npm\node_modules\npm\npmrc
4 silly config load:file:C:\laragon\www\PolyFlix\.npmrc
5 silly config load:file:C:\Users\Trung Kiên\.npmrc
6 silly config load:file:C:\Users\Trung Kiên\AppData\Roaming\npm\etc\npmrc
7 verbose title npm run build
8 verbose argv "run" "build"
9 verbose logfile logs-max:10 dir:C:\laragon\www\PolyFlix\tmpnodejsnpm-cache\_logs\2025-06-19T07_03_04_421Z-
10 verbose logfile C:\laragon\www\PolyFlix\tmpnodejsnpm-cache\_logs\2025-06-19T07_03_04_421Z-debug-0.log
11 silly logfile done cleaning log files
12 http fetch GET 200 https://registry.npmjs.org/npm 363ms
13 verbose cwd C:\laragon\www\PolyFlix
14 verbose os Windows_NT 10.0.26100
15 verbose node v20.11.1
16 verbose npm  v10.9.0
17 notice
17 notice New [31mmajor[39m version of npm available! [31m10.9.0[39m -> [34m11.4.2[39m
17 notice Changelog: [34mhttps://github.com/npm/cli/releases/tag/v11.4.2[39m
17 notice To update run: [4mnpm install -g npm@11.4.2[24m
17 notice  { force: true, [Symbol(proc-log.meta)]: true }
18 verbose exit 1
19 verbose code 1
