0 verbose cli D:\Program Files\nodejs\node.exe C:\Users\Trung Kiên\AppData\Roaming\npm\node_modules\npm\bin\npm-cli.js
1 info using npm@10.9.0
2 info using node@v20.11.1
3 silly config load:file:C:\Users\Trung Kiên\AppData\Roaming\npm\node_modules\npm\npmrc
4 silly config load:file:C:\laragon\www\PolyFlix\.npmrc
5 silly config load:file:C:\Users\Trung Kiên\.npmrc
6 silly config load:file:C:\Users\Trung Kiên\AppData\Roaming\npm\etc\npmrc
7 verbose title npm install
8 verbose argv "install"
9 verbose logfile logs-max:10 dir:C:\laragon\www\PolyFlix\tmpnodejsnpm-cache\_logs\2025-09-03T18_49_15_082Z-
10 verbose logfile C:\laragon\www\PolyFlix\tmpnodejsnpm-cache\_logs\2025-09-03T18_49_15_082Z-debug-0.log
11 silly logfile start cleaning logs, removing 2 files
12 silly packumentCache heap:4345298944 maxSize:1086324736 maxEntrySize:543162368
13 silly logfile done cleaning log files
14 silly idealTree buildDeps
15 silly reify mark retired [ 'C:\\laragon\\www\\PolyFlix\\node_modules\\@esbuild\\win32-x64' ]
16 silly reify mark retired [
16 silly reify   'C:\\laragon\\www\\PolyFlix\\node_modules\\@rollup\\rollup-win32-x64-msvc'
16 silly reify ]
17 silly reify moves {
17 silly reify   'C:\\laragon\\www\\PolyFlix\\node_modules\\@esbuild\\win32-x64': 'C:\\laragon\\www\\PolyFlix\\node_modules\\@esbuild\\.win32-x64-UXtJDDjZ',
17 silly reify   'C:\\laragon\\www\\PolyFlix\\node_modules\\@rollup\\rollup-win32-x64-msvc': 'C:\\laragon\\www\\PolyFlix\\node_modules\\@rollup\\.rollup-win32-x64-msvc-qVkfY1hR'
17 silly reify }
18 verbose reify failed optional dependency C:\laragon\www\PolyFlix\node_modules\@tailwindcss\oxide-wasm32-wasi
19 silly reify mark deleted [
19 silly reify   'C:\\laragon\\www\\PolyFlix\\node_modules\\@tailwindcss\\oxide-wasm32-wasi'
19 silly reify ]
20 silly audit bulk request {
20 silly audit   '@ampproject/remapping': [ '2.3.0' ],
20 silly audit   '@babel/polyfill': [ '7.12.1' ],
20 silly audit   '@ericblade/quagga2': [ '1.8.4' ],
20 silly audit   '@esbuild/aix-ppc64': [ '0.21.5' ],
20 silly audit   '@esbuild/android-arm': [ '0.21.5' ],
20 silly audit   '@esbuild/android-arm64': [ '0.21.5' ],
20 silly audit   '@esbuild/android-x64': [ '0.21.5' ],
20 silly audit   '@esbuild/darwin-arm64': [ '0.21.5' ],
20 silly audit   '@esbuild/darwin-x64': [ '0.21.5' ],
20 silly audit   '@esbuild/freebsd-arm64': [ '0.21.5' ],
20 silly audit   '@esbuild/freebsd-x64': [ '0.21.5' ],
20 silly audit   '@esbuild/linux-arm': [ '0.21.5' ],
20 silly audit   '@esbuild/linux-arm64': [ '0.21.5' ],
20 silly audit   '@esbuild/linux-ia32': [ '0.21.5' ],
20 silly audit   '@esbuild/linux-loong64': [ '0.21.5' ],
20 silly audit   '@esbuild/linux-mips64el': [ '0.21.5' ],
20 silly audit   '@esbuild/linux-ppc64': [ '0.21.5' ],
20 silly audit   '@esbuild/linux-riscv64': [ '0.21.5' ],
20 silly audit   '@esbuild/linux-s390x': [ '0.21.5' ],
20 silly audit   '@esbuild/linux-x64': [ '0.21.5' ],
20 silly audit   '@esbuild/netbsd-x64': [ '0.21.5' ],
20 silly audit   '@esbuild/openbsd-x64': [ '0.21.5' ],
20 silly audit   '@esbuild/sunos-x64': [ '0.21.5' ],
20 silly audit   '@esbuild/win32-arm64': [ '0.21.5' ],
20 silly audit   '@esbuild/win32-ia32': [ '0.21.5' ],
20 silly audit   '@esbuild/win32-x64': [ '0.21.5' ],
20 silly audit   '@isaacs/fs-minipass': [ '4.0.1' ],
20 silly audit   '@jridgewell/gen-mapping': [ '0.3.12' ],
20 silly audit   '@jridgewell/resolve-uri': [ '3.1.2' ],
20 silly audit   '@jridgewell/sourcemap-codec': [ '1.5.4' ],
20 silly audit   '@jridgewell/trace-mapping': [ '0.3.29' ],
20 silly audit   '@popperjs/core': [ '2.11.8' ],
20 silly audit   '@rollup/rollup-android-arm-eabi': [ '4.46.2' ],
20 silly audit   '@rollup/rollup-android-arm64': [ '4.46.2' ],
20 silly audit   '@rollup/rollup-darwin-arm64': [ '4.46.2' ],
20 silly audit   '@rollup/rollup-darwin-x64': [ '4.46.2' ],
20 silly audit   '@rollup/rollup-freebsd-arm64': [ '4.46.2' ],
20 silly audit   '@rollup/rollup-freebsd-x64': [ '4.46.2' ],
20 silly audit   '@rollup/rollup-linux-arm-gnueabihf': [ '4.46.2' ],
20 silly audit   '@rollup/rollup-linux-arm-musleabihf': [ '4.46.2' ],
20 silly audit   '@rollup/rollup-linux-arm64-gnu': [ '4.46.2' ],
20 silly audit   '@rollup/rollup-linux-arm64-musl': [ '4.46.2' ],
20 silly audit   '@rollup/rollup-linux-loongarch64-gnu': [ '4.46.2' ],
20 silly audit   '@rollup/rollup-linux-ppc64-gnu': [ '4.46.2' ],
20 silly audit   '@rollup/rollup-linux-riscv64-gnu': [ '4.46.2' ],
20 silly audit   '@rollup/rollup-linux-riscv64-musl': [ '4.46.2' ],
20 silly audit   '@rollup/rollup-linux-s390x-gnu': [ '4.46.2' ],
20 silly audit   '@rollup/rollup-linux-x64-gnu': [ '4.46.2' ],
20 silly audit   '@rollup/rollup-linux-x64-musl': [ '4.46.2' ],
20 silly audit   '@rollup/rollup-win32-arm64-msvc': [ '4.46.2' ],
20 silly audit   '@rollup/rollup-win32-ia32-msvc': [ '4.46.2' ],
20 silly audit   '@rollup/rollup-win32-x64-msvc': [ '4.46.2' ],
20 silly audit   '@socket.io/component-emitter': [ '3.1.2' ],
20 silly audit   '@tailwindcss/node': [ '4.1.11' ],
20 silly audit   '@tailwindcss/oxide': [ '4.1.11' ],
20 silly audit   '@tailwindcss/oxide-android-arm64': [ '4.1.11' ],
20 silly audit   '@tailwindcss/oxide-darwin-arm64': [ '4.1.11' ],
20 silly audit   '@tailwindcss/oxide-darwin-x64': [ '4.1.11' ],
20 silly audit   '@tailwindcss/oxide-freebsd-x64': [ '4.1.11' ],
20 silly audit   '@tailwindcss/oxide-linux-arm-gnueabihf': [ '4.1.11' ],
20 silly audit   '@tailwindcss/oxide-linux-arm64-gnu': [ '4.1.11' ],
20 silly audit   '@tailwindcss/oxide-linux-arm64-musl': [ '4.1.11' ],
20 silly audit   '@tailwindcss/oxide-linux-x64-gnu': [ '4.1.11' ],
20 silly audit   '@tailwindcss/oxide-linux-x64-musl': [ '4.1.11' ],
20 silly audit   '@tailwindcss/oxide-win32-arm64-msvc': [ '4.1.11' ],
20 silly audit   '@tailwindcss/oxide-win32-x64-msvc': [ '4.1.11' ],
20 silly audit   '@tailwindcss/vite': [ '4.1.11' ],
20 silly audit   '@types/estree': [ '1.0.8' ],
20 silly audit   ajv: [ '6.12.6' ],
20 silly audit   'ansi-regex': [ '5.0.1' ],
20 silly audit   'ansi-styles': [ '4.3.0' ],
20 silly audit   asn1: [ '0.2.6' ],
20 silly audit   'assert-plus': [ '1.0.0' ],
20 silly audit   asynckit: [ '0.4.0' ],
20 silly audit   'aws-sign2': [ '0.7.0' ],
20 silly audit   aws4: [ '1.13.2' ],
20 silly audit   axios: [ '1.11.0' ],
20 silly audit   'bcrypt-pbkdf': [ '1.0.2' ],
20 silly audit   tweetnacl: [ '0.14.5', '1.0.3' ],
20 silly audit   bootstrap: [ '5.3.7' ],
20 silly audit   'call-bind-apply-helpers': [ '1.0.2' ],
20 silly audit   caseless: [ '0.12.0' ],
20 silly audit   chalk: [ '4.1.2' ],
20 silly audit   'supports-color': [ '7.2.0', '8.1.1' ],
20 silly audit   chownr: [ '3.0.0' ],
20 silly audit   cliui: [ '8.0.1' ],
20 silly audit   'color-convert': [ '2.0.1' ],
20 silly audit   'color-name': [ '1.1.4' ],
20 silly audit   'combined-stream': [ '1.0.8' ],
20 silly audit   concurrently: [ '9.2.0' ],
20 silly audit   'core-js': [ '2.6.12' ],
20 silly audit   'core-util-is': [ '1.0.2' ],
20 silly audit   'cwise-compiler': [ '1.1.3' ],
20 silly audit   dashdash: [ '1.14.1' ],
20 silly audit   'data-uri-to-buffer': [ '0.0.3' ],
20 silly audit   debug: [ '4.3.7' ],
20 silly audit   'delayed-stream': [ '1.0.0' ],
20 silly audit   'detect-libc': [ '2.0.4' ],
20 silly audit   'dunder-proto': [ '1.0.1' ],
20 silly audit   'ecc-jsbn': [ '0.1.2' ],
20 silly audit   'emoji-regex': [ '8.0.0' ],
20 silly audit   'engine.io-client': [ '6.6.3' ],
20 silly audit   'engine.io-parser': [ '5.2.3' ],
20 silly audit   'enhanced-resolve': [ '5.18.3' ],
20 silly audit   'es-define-property': [ '1.0.1' ],
20 silly audit   'es-errors': [ '1.3.0' ],
20 silly audit   'es-object-atoms': [ '1.1.1' ],
20 silly audit   'es-set-tostringtag': [ '2.1.0' ],
20 silly audit   esbuild: [ '0.21.5' ],
20 silly audit   escalade: [ '3.2.0' ],
20 silly audit   extend: [ '3.0.2' ],
20 silly audit   extsprintf: [ '1.3.0' ],
20 silly audit   'fast-deep-equal': [ '3.1.3' ],
20 silly audit   'fast-json-stable-stringify': [ '2.1.0' ],
20 silly audit   'follow-redirects': [ '1.15.11' ],
20 silly audit   'forever-agent': [ '0.6.1' ],
20 silly audit   'form-data': [ '4.0.4', '2.3.3' ],
20 silly audit   fsevents: [ '2.3.3' ],
20 silly audit   'function-bind': [ '1.1.2' ],
20 silly audit   'get-caller-file': [ '2.0.5' ],
20 silly audit   'get-intrinsic': [ '1.3.0' ],
20 silly audit   'get-pixels': [ '3.3.3' ],
20 silly audit   'get-proto': [ '1.0.1' ],
20 silly audit   getpass: [ '0.1.7' ],
20 silly audit   'gl-matrix': [ '3.4.4' ],
20 silly audit   gopd: [ '1.2.0' ],
20 silly audit   'graceful-fs': [ '4.2.11' ],
20 silly audit   'har-schema': [ '2.0.0' ],
20 silly audit   'har-validator': [ '5.1.5' ],
20 silly audit   'has-flag': [ '4.0.0' ],
20 silly audit   'has-symbols': [ '1.1.0' ],
20 silly audit   'has-tostringtag': [ '1.0.2' ],
20 silly audit   hasown: [ '2.0.2' ],
20 silly audit   'http-signature': [ '1.2.0' ],
20 silly audit   'iota-array': [ '1.0.0' ],
20 silly audit   'is-buffer': [ '1.1.6' ],
20 silly audit   'is-fullwidth-code-point': [ '3.0.0' ],
20 silly audit   'is-typedarray': [ '1.0.0' ],
20 silly audit   isstream: [ '0.1.2' ],
20 silly audit   jiti: [ '2.5.1' ],
20 silly audit   'jpeg-js': [ '0.4.4' ],
20 silly audit   jquery: [ '3.7.1' ],
20 silly audit   jsbn: [ '0.1.1' ],
20 silly audit   'json-schema': [ '0.4.0' ],
20 silly audit   'json-schema-traverse': [ '0.4.1' ],
20 silly audit   'json-stringify-safe': [ '5.0.1' ],
20 silly audit   jsprim: [ '1.4.2' ],
20 silly audit   'laravel-echo': [ '2.2.0' ],
20 silly audit   'laravel-vite-plugin': [ '1.3.0' ],
20 silly audit   lightningcss: [ '1.30.1' ],
20 silly audit   'lightningcss-darwin-arm64': [ '1.30.1' ],
20 silly audit   'lightningcss-darwin-x64': [ '1.30.1' ],
20 silly audit   'lightningcss-freebsd-x64': [ '1.30.1' ],
20 silly audit   'lightningcss-linux-arm-gnueabihf': [ '1.30.1' ],
20 silly audit   'lightningcss-linux-arm64-gnu': [ '1.30.1' ],
20 silly audit   'lightningcss-linux-arm64-musl': [ '1.30.1' ],
20 silly audit   'lightningcss-linux-x64-gnu': [ '1.30.1' ],
20 silly audit   'lightningcss-linux-x64-musl': [ '1.30.1' ],
20 silly audit   'lightningcss-win32-arm64-msvc': [ '1.30.1' ],
20 silly audit   'lightningcss-win32-x64-msvc': [ '1.30.1' ],
20 silly audit   lodash: [ '4.17.21' ],
20 silly audit   'magic-string': [ '0.30.17' ],
20 silly audit   'math-intrinsics': [ '1.1.0' ],
20 silly audit   'mime-db': [ '1.52.0' ],
20 silly audit   'mime-types': [ '2.1.35' ],
20 silly audit   minipass: [ '7.1.2' ],
20 silly audit   minizlib: [ '3.0.2' ],
20 silly audit   mkdirp: [ '3.0.1' ],
20 silly audit   ms: [ '2.1.3' ],
20 silly audit   nanoid: [ '3.3.11' ],
20 silly audit   ndarray: [ '1.0.19' ],
20 silly audit   'ndarray-linear-interpolate': [ '1.0.0' ],
20 silly audit   'ndarray-pack': [ '1.2.1' ],
20 silly audit   'node-bitmap': [ '0.0.1' ],
20 silly audit   'oauth-sign': [ '0.9.0' ],
20 silly audit   omggif: [ '1.0.10' ],
20 silly audit   'parse-data-uri': [ '0.2.0' ],
20 silly audit   'performance-now': [ '2.1.0' ],
20 silly audit   picocolors: [ '1.1.1' ],
20 silly audit   picomatch: [ '2.3.1' ],
20 silly audit   pngjs: [ '3.4.0' ],
20 silly audit   postcss: [ '8.5.6' ],
20 silly audit   'proxy-from-env': [ '1.1.0' ],
20 silly audit   psl: [ '1.15.0' ],
20 silly audit   punycode: [ '2.3.1' ],
20 silly audit   'pusher-js': [ '8.4.0' ],
20 silly audit   qs: [ '6.5.3' ],
20 silly audit   'regenerator-runtime': [ '0.13.11' ],
20 silly audit   request: [ '2.88.2' ],
20 silly audit   'require-directory': [ '2.1.1' ],
20 silly audit   rollup: [ '4.46.2' ],
20 silly audit   rxjs: [ '7.8.2' ],
20 silly audit   'safe-buffer': [ '5.2.1' ],
20 silly audit   'safer-buffer': [ '2.1.2' ],
20 silly audit   select2: [ '4.1.0-rc.0' ],
20 silly audit   'shell-quote': [ '1.8.3' ],
20 silly audit   'socket.io-client': [ '4.8.1' ],
20 silly audit   'socket.io-parser': [ '4.2.4' ],
20 silly audit   'source-map-js': [ '1.2.1' ],
20 silly audit   sshpk: [ '1.18.0' ],
20 silly audit   'string-width': [ '4.2.3' ],
20 silly audit   'strip-ansi': [ '6.0.1' ],
20 silly audit   tailwindcss: [ '4.1.11' ],
20 silly audit   tapable: [ '2.2.2' ],
20 silly audit   tar: [ '7.4.3' ],
20 silly audit   through: [ '2.3.8' ],
20 silly audit   'tough-cookie': [ '2.5.0' ],
20 silly audit   'tree-kill': [ '1.2.2' ],
20 silly audit   tslib: [ '2.8.1' ],
20 silly audit   'tunnel-agent': [ '0.6.0' ],
20 silly audit   uniq: [ '1.0.1' ],
20 silly audit   'uri-js': [ '4.4.1' ],
20 silly audit   uuid: [ '3.4.0' ],
20 silly audit   verror: [ '1.10.0' ],
20 silly audit   vite: [ '5.4.19' ],
20 silly audit   'vite-plugin-full-reload': [ '1.2.0' ],
20 silly audit   'wrap-ansi': [ '7.0.0' ],
20 silly audit   ws: [ '8.17.1' ],
20 silly audit   'xmlhttprequest-ssl': [ '2.1.2' ],
20 silly audit   y18n: [ '5.0.8' ],
20 silly audit   yallist: [ '5.0.0' ],
20 silly audit   yargs: [ '17.7.2' ],
20 silly audit   'yargs-parser': [ '21.1.1' ],
20 silly audit   '@tailwindcss/oxide-wasm32-wasi': [ '4.1.11' ]
20 silly audit }
21 verbose reify failed optional dependency C:\laragon\www\PolyFlix\node_modules\lightningcss-win32-arm64-msvc
22 silly reify mark deleted [
22 silly reify   'C:\\laragon\\www\\PolyFlix\\node_modules\\lightningcss-win32-arm64-msvc'
22 silly reify ]
23 verbose reify failed optional dependency C:\laragon\www\PolyFlix\node_modules\lightningcss-linux-x64-musl
24 silly reify mark deleted [
24 silly reify   'C:\\laragon\\www\\PolyFlix\\node_modules\\lightningcss-linux-x64-musl'
24 silly reify ]
25 verbose reify failed optional dependency C:\laragon\www\PolyFlix\node_modules\lightningcss-linux-x64-gnu
26 silly reify mark deleted [
26 silly reify   'C:\\laragon\\www\\PolyFlix\\node_modules\\lightningcss-linux-x64-gnu'
26 silly reify ]
27 verbose reify failed optional dependency C:\laragon\www\PolyFlix\node_modules\lightningcss-linux-arm64-musl
28 silly reify mark deleted [
28 silly reify   'C:\\laragon\\www\\PolyFlix\\node_modules\\lightningcss-linux-arm64-musl'
28 silly reify ]
29 verbose reify failed optional dependency C:\laragon\www\PolyFlix\node_modules\lightningcss-linux-arm64-gnu
30 silly reify mark deleted [
30 silly reify   'C:\\laragon\\www\\PolyFlix\\node_modules\\lightningcss-linux-arm64-gnu'
30 silly reify ]
31 verbose reify failed optional dependency C:\laragon\www\PolyFlix\node_modules\lightningcss-linux-arm-gnueabihf
32 silly reify mark deleted [
32 silly reify   'C:\\laragon\\www\\PolyFlix\\node_modules\\lightningcss-linux-arm-gnueabihf'
32 silly reify ]
33 verbose reify failed optional dependency C:\laragon\www\PolyFlix\node_modules\lightningcss-freebsd-x64
34 silly reify mark deleted [
34 silly reify   'C:\\laragon\\www\\PolyFlix\\node_modules\\lightningcss-freebsd-x64'
34 silly reify ]
35 verbose reify failed optional dependency C:\laragon\www\PolyFlix\node_modules\lightningcss-darwin-x64
36 silly reify mark deleted [ 'C:\\laragon\\www\\PolyFlix\\node_modules\\lightningcss-darwin-x64' ]
37 verbose reify failed optional dependency C:\laragon\www\PolyFlix\node_modules\lightningcss-darwin-arm64
38 silly reify mark deleted [
38 silly reify   'C:\\laragon\\www\\PolyFlix\\node_modules\\lightningcss-darwin-arm64'
38 silly reify ]
39 verbose reify failed optional dependency C:\laragon\www\PolyFlix\node_modules\fsevents
40 silly reify mark deleted [ 'C:\\laragon\\www\\PolyFlix\\node_modules\\fsevents' ]
41 verbose reify failed optional dependency C:\laragon\www\PolyFlix\node_modules\@tailwindcss\oxide-win32-arm64-msvc
42 silly reify mark deleted [
42 silly reify   'C:\\laragon\\www\\PolyFlix\\node_modules\\@tailwindcss\\oxide-win32-arm64-msvc'
42 silly reify ]
43 verbose reify failed optional dependency C:\laragon\www\PolyFlix\node_modules\@tailwindcss\oxide-linux-x64-musl
44 silly reify mark deleted [
44 silly reify   'C:\\laragon\\www\\PolyFlix\\node_modules\\@tailwindcss\\oxide-linux-x64-musl'
44 silly reify ]
45 verbose reify failed optional dependency C:\laragon\www\PolyFlix\node_modules\@tailwindcss\oxide-linux-x64-gnu
46 silly reify mark deleted [
46 silly reify   'C:\\laragon\\www\\PolyFlix\\node_modules\\@tailwindcss\\oxide-linux-x64-gnu'
46 silly reify ]
47 verbose reify failed optional dependency C:\laragon\www\PolyFlix\node_modules\@tailwindcss\oxide-linux-arm64-musl
48 silly reify mark deleted [
48 silly reify   'C:\\laragon\\www\\PolyFlix\\node_modules\\@tailwindcss\\oxide-linux-arm64-musl'
48 silly reify ]
49 verbose reify failed optional dependency C:\laragon\www\PolyFlix\node_modules\@tailwindcss\oxide-linux-arm64-gnu
50 silly reify mark deleted [
50 silly reify   'C:\\laragon\\www\\PolyFlix\\node_modules\\@tailwindcss\\oxide-linux-arm64-gnu'
50 silly reify ]
51 verbose reify failed optional dependency C:\laragon\www\PolyFlix\node_modules\@tailwindcss\oxide-linux-arm-gnueabihf
52 silly reify mark deleted [
52 silly reify   'C:\\laragon\\www\\PolyFlix\\node_modules\\@tailwindcss\\oxide-linux-arm-gnueabihf'
52 silly reify ]
53 verbose reify failed optional dependency C:\laragon\www\PolyFlix\node_modules\@tailwindcss\oxide-freebsd-x64
54 silly reify mark deleted [
54 silly reify   'C:\\laragon\\www\\PolyFlix\\node_modules\\@tailwindcss\\oxide-freebsd-x64'
54 silly reify ]
55 verbose reify failed optional dependency C:\laragon\www\PolyFlix\node_modules\@tailwindcss\oxide-darwin-x64
56 silly reify mark deleted [
56 silly reify   'C:\\laragon\\www\\PolyFlix\\node_modules\\@tailwindcss\\oxide-darwin-x64'
56 silly reify ]
57 verbose reify failed optional dependency C:\laragon\www\PolyFlix\node_modules\@tailwindcss\oxide-darwin-arm64
58 silly reify mark deleted [
58 silly reify   'C:\\laragon\\www\\PolyFlix\\node_modules\\@tailwindcss\\oxide-darwin-arm64'
58 silly reify ]
59 verbose reify failed optional dependency C:\laragon\www\PolyFlix\node_modules\@tailwindcss\oxide-android-arm64
60 silly reify mark deleted [
60 silly reify   'C:\\laragon\\www\\PolyFlix\\node_modules\\@tailwindcss\\oxide-android-arm64'
60 silly reify ]
61 verbose reify failed optional dependency C:\laragon\www\PolyFlix\node_modules\@rollup\rollup-win32-ia32-msvc
62 silly reify mark deleted [
62 silly reify   'C:\\laragon\\www\\PolyFlix\\node_modules\\@rollup\\rollup-win32-ia32-msvc'
62 silly reify ]
63 verbose reify failed optional dependency C:\laragon\www\PolyFlix\node_modules\@rollup\rollup-win32-arm64-msvc
64 silly reify mark deleted [
64 silly reify   'C:\\laragon\\www\\PolyFlix\\node_modules\\@rollup\\rollup-win32-arm64-msvc'
64 silly reify ]
65 verbose reify failed optional dependency C:\laragon\www\PolyFlix\node_modules\@rollup\rollup-linux-x64-musl
66 silly reify mark deleted [
66 silly reify   'C:\\laragon\\www\\PolyFlix\\node_modules\\@rollup\\rollup-linux-x64-musl'
66 silly reify ]
67 verbose reify failed optional dependency C:\laragon\www\PolyFlix\node_modules\@rollup\rollup-linux-x64-gnu
68 silly reify mark deleted [
68 silly reify   'C:\\laragon\\www\\PolyFlix\\node_modules\\@rollup\\rollup-linux-x64-gnu'
68 silly reify ]
69 verbose reify failed optional dependency C:\laragon\www\PolyFlix\node_modules\@rollup\rollup-linux-s390x-gnu
70 silly reify mark deleted [
70 silly reify   'C:\\laragon\\www\\PolyFlix\\node_modules\\@rollup\\rollup-linux-s390x-gnu'
70 silly reify ]
71 verbose reify failed optional dependency C:\laragon\www\PolyFlix\node_modules\@rollup\rollup-linux-riscv64-musl
72 silly reify mark deleted [
72 silly reify   'C:\\laragon\\www\\PolyFlix\\node_modules\\@rollup\\rollup-linux-riscv64-musl'
72 silly reify ]
73 verbose reify failed optional dependency C:\laragon\www\PolyFlix\node_modules\@rollup\rollup-linux-riscv64-gnu
74 silly reify mark deleted [
74 silly reify   'C:\\laragon\\www\\PolyFlix\\node_modules\\@rollup\\rollup-linux-riscv64-gnu'
74 silly reify ]
75 verbose reify failed optional dependency C:\laragon\www\PolyFlix\node_modules\@rollup\rollup-linux-ppc64-gnu
76 silly reify mark deleted [
76 silly reify   'C:\\laragon\\www\\PolyFlix\\node_modules\\@rollup\\rollup-linux-ppc64-gnu'
76 silly reify ]
77 verbose reify failed optional dependency C:\laragon\www\PolyFlix\node_modules\@rollup\rollup-linux-loongarch64-gnu
78 silly reify mark deleted [
78 silly reify   'C:\\laragon\\www\\PolyFlix\\node_modules\\@rollup\\rollup-linux-loongarch64-gnu'
78 silly reify ]
79 verbose reify failed optional dependency C:\laragon\www\PolyFlix\node_modules\@rollup\rollup-linux-arm64-musl
80 silly reify mark deleted [
80 silly reify   'C:\\laragon\\www\\PolyFlix\\node_modules\\@rollup\\rollup-linux-arm64-musl'
80 silly reify ]
81 verbose reify failed optional dependency C:\laragon\www\PolyFlix\node_modules\@rollup\rollup-linux-arm64-gnu
82 silly reify mark deleted [
82 silly reify   'C:\\laragon\\www\\PolyFlix\\node_modules\\@rollup\\rollup-linux-arm64-gnu'
82 silly reify ]
83 verbose reify failed optional dependency C:\laragon\www\PolyFlix\node_modules\@rollup\rollup-linux-arm-musleabihf
84 silly reify mark deleted [
84 silly reify   'C:\\laragon\\www\\PolyFlix\\node_modules\\@rollup\\rollup-linux-arm-musleabihf'
84 silly reify ]
85 verbose reify failed optional dependency C:\laragon\www\PolyFlix\node_modules\@rollup\rollup-linux-arm-gnueabihf
86 silly reify mark deleted [
86 silly reify   'C:\\laragon\\www\\PolyFlix\\node_modules\\@rollup\\rollup-linux-arm-gnueabihf'
86 silly reify ]
87 verbose reify failed optional dependency C:\laragon\www\PolyFlix\node_modules\@rollup\rollup-freebsd-x64
88 silly reify mark deleted [
88 silly reify   'C:\\laragon\\www\\PolyFlix\\node_modules\\@rollup\\rollup-freebsd-x64'
88 silly reify ]
89 verbose reify failed optional dependency C:\laragon\www\PolyFlix\node_modules\@rollup\rollup-freebsd-arm64
90 silly reify mark deleted [
90 silly reify   'C:\\laragon\\www\\PolyFlix\\node_modules\\@rollup\\rollup-freebsd-arm64'
90 silly reify ]
91 verbose reify failed optional dependency C:\laragon\www\PolyFlix\node_modules\@rollup\rollup-darwin-x64
92 silly reify mark deleted [
92 silly reify   'C:\\laragon\\www\\PolyFlix\\node_modules\\@rollup\\rollup-darwin-x64'
92 silly reify ]
93 verbose reify failed optional dependency C:\laragon\www\PolyFlix\node_modules\@rollup\rollup-darwin-arm64
94 silly reify mark deleted [
94 silly reify   'C:\\laragon\\www\\PolyFlix\\node_modules\\@rollup\\rollup-darwin-arm64'
94 silly reify ]
95 verbose reify failed optional dependency C:\laragon\www\PolyFlix\node_modules\@rollup\rollup-android-arm64
96 silly reify mark deleted [
96 silly reify   'C:\\laragon\\www\\PolyFlix\\node_modules\\@rollup\\rollup-android-arm64'
96 silly reify ]
97 verbose reify failed optional dependency C:\laragon\www\PolyFlix\node_modules\@rollup\rollup-android-arm-eabi
98 silly reify mark deleted [
98 silly reify   'C:\\laragon\\www\\PolyFlix\\node_modules\\@rollup\\rollup-android-arm-eabi'
98 silly reify ]
99 verbose reify failed optional dependency C:\laragon\www\PolyFlix\node_modules\@esbuild\win32-ia32
100 silly reify mark deleted [ 'C:\\laragon\\www\\PolyFlix\\node_modules\\@esbuild\\win32-ia32' ]
101 verbose reify failed optional dependency C:\laragon\www\PolyFlix\node_modules\@esbuild\win32-arm64
102 silly reify mark deleted [ 'C:\\laragon\\www\\PolyFlix\\node_modules\\@esbuild\\win32-arm64' ]
103 verbose reify failed optional dependency C:\laragon\www\PolyFlix\node_modules\@esbuild\sunos-x64
104 silly reify mark deleted [ 'C:\\laragon\\www\\PolyFlix\\node_modules\\@esbuild\\sunos-x64' ]
105 verbose reify failed optional dependency C:\laragon\www\PolyFlix\node_modules\@esbuild\openbsd-x64
106 silly reify mark deleted [ 'C:\\laragon\\www\\PolyFlix\\node_modules\\@esbuild\\openbsd-x64' ]
107 verbose reify failed optional dependency C:\laragon\www\PolyFlix\node_modules\@esbuild\netbsd-x64
108 silly reify mark deleted [ 'C:\\laragon\\www\\PolyFlix\\node_modules\\@esbuild\\netbsd-x64' ]
109 verbose reify failed optional dependency C:\laragon\www\PolyFlix\node_modules\@esbuild\linux-x64
110 silly reify mark deleted [ 'C:\\laragon\\www\\PolyFlix\\node_modules\\@esbuild\\linux-x64' ]
111 verbose reify failed optional dependency C:\laragon\www\PolyFlix\node_modules\@esbuild\linux-s390x
112 silly reify mark deleted [ 'C:\\laragon\\www\\PolyFlix\\node_modules\\@esbuild\\linux-s390x' ]
113 verbose reify failed optional dependency C:\laragon\www\PolyFlix\node_modules\@esbuild\linux-riscv64
114 silly reify mark deleted [ 'C:\\laragon\\www\\PolyFlix\\node_modules\\@esbuild\\linux-riscv64' ]
115 verbose reify failed optional dependency C:\laragon\www\PolyFlix\node_modules\@esbuild\linux-ppc64
116 silly reify mark deleted [ 'C:\\laragon\\www\\PolyFlix\\node_modules\\@esbuild\\linux-ppc64' ]
117 verbose reify failed optional dependency C:\laragon\www\PolyFlix\node_modules\@esbuild\linux-mips64el
118 silly reify mark deleted [
118 silly reify   'C:\\laragon\\www\\PolyFlix\\node_modules\\@esbuild\\linux-mips64el'
118 silly reify ]
119 verbose reify failed optional dependency C:\laragon\www\PolyFlix\node_modules\@esbuild\linux-loong64
120 silly reify mark deleted [ 'C:\\laragon\\www\\PolyFlix\\node_modules\\@esbuild\\linux-loong64' ]
121 verbose reify failed optional dependency C:\laragon\www\PolyFlix\node_modules\@esbuild\linux-ia32
122 silly reify mark deleted [ 'C:\\laragon\\www\\PolyFlix\\node_modules\\@esbuild\\linux-ia32' ]
123 verbose reify failed optional dependency C:\laragon\www\PolyFlix\node_modules\@esbuild\linux-arm64
124 silly reify mark deleted [ 'C:\\laragon\\www\\PolyFlix\\node_modules\\@esbuild\\linux-arm64' ]
125 verbose reify failed optional dependency C:\laragon\www\PolyFlix\node_modules\@esbuild\linux-arm
126 silly reify mark deleted [ 'C:\\laragon\\www\\PolyFlix\\node_modules\\@esbuild\\linux-arm' ]
127 verbose reify failed optional dependency C:\laragon\www\PolyFlix\node_modules\@esbuild\freebsd-x64
128 silly reify mark deleted [ 'C:\\laragon\\www\\PolyFlix\\node_modules\\@esbuild\\freebsd-x64' ]
129 verbose reify failed optional dependency C:\laragon\www\PolyFlix\node_modules\@esbuild\freebsd-arm64
130 silly reify mark deleted [ 'C:\\laragon\\www\\PolyFlix\\node_modules\\@esbuild\\freebsd-arm64' ]
131 verbose reify failed optional dependency C:\laragon\www\PolyFlix\node_modules\@esbuild\darwin-x64
132 silly reify mark deleted [ 'C:\\laragon\\www\\PolyFlix\\node_modules\\@esbuild\\darwin-x64' ]
133 verbose reify failed optional dependency C:\laragon\www\PolyFlix\node_modules\@esbuild\darwin-arm64
134 silly reify mark deleted [ 'C:\\laragon\\www\\PolyFlix\\node_modules\\@esbuild\\darwin-arm64' ]
135 verbose reify failed optional dependency C:\laragon\www\PolyFlix\node_modules\@esbuild\android-x64
136 silly reify mark deleted [ 'C:\\laragon\\www\\PolyFlix\\node_modules\\@esbuild\\android-x64' ]
137 verbose reify failed optional dependency C:\laragon\www\PolyFlix\node_modules\@esbuild\android-arm64
138 silly reify mark deleted [ 'C:\\laragon\\www\\PolyFlix\\node_modules\\@esbuild\\android-arm64' ]
139 verbose reify failed optional dependency C:\laragon\www\PolyFlix\node_modules\@esbuild\android-arm
140 silly reify mark deleted [ 'C:\\laragon\\www\\PolyFlix\\node_modules\\@esbuild\\android-arm' ]
141 verbose reify failed optional dependency C:\laragon\www\PolyFlix\node_modules\@esbuild\aix-ppc64
142 silly reify mark deleted [ 'C:\\laragon\\www\\PolyFlix\\node_modules\\@esbuild\\aix-ppc64' ]
143 warn deprecated har-validator@5.1.5: this library is no longer supported
144 http fetch POST 200 https://registry.npmjs.org/-/npm/v1/security/advisories/bulk 871ms
145 silly audit report {
145 silly audit report   esbuild: [
145 silly audit report     {
145 silly audit report       id: 1102341,
145 silly audit report       url: 'https://github.com/advisories/GHSA-67mh-4wv8-2f99',
145 silly audit report       title: 'esbuild enables any website to send any requests to the development server and read the response',
145 silly audit report       severity: 'moderate',
145 silly audit report       vulnerable_versions: '<=0.24.2',
145 silly audit report       cwe: [Array],
145 silly audit report       cvss: [Object]
145 silly audit report     }
145 silly audit report   ],
145 silly audit report   'form-data': [
145 silly audit report     {
145 silly audit report       id: 1106509,
145 silly audit report       url: 'https://github.com/advisories/GHSA-fjxv-7rqg-78g4',
145 silly audit report       title: 'form-data uses unsafe random function in form-data for choosing boundary',
145 silly audit report       severity: 'critical',
145 silly audit report       vulnerable_versions: '<2.5.4',
145 silly audit report       cwe: [Array],
145 silly audit report       cvss: [Object]
145 silly audit report     }
145 silly audit report   ],
145 silly audit report   request: [
145 silly audit report     {
145 silly audit report       id: 1096727,
145 silly audit report       url: 'https://github.com/advisories/GHSA-p8p7-x288-28g6',
145 silly audit report       title: 'Server-Side Request Forgery in Request',
145 silly audit report       severity: 'moderate',
145 silly audit report       vulnerable_versions: '<=2.88.2',
145 silly audit report       cwe: [Array],
145 silly audit report       cvss: [Object]
145 silly audit report     }
145 silly audit report   ],
145 silly audit report   'tough-cookie': [
145 silly audit report     {
145 silly audit report       id: 1097682,
145 silly audit report       url: 'https://github.com/advisories/GHSA-72xf-g2v4-qvf3',
145 silly audit report       title: 'tough-cookie Prototype Pollution vulnerability',
145 silly audit report       severity: 'moderate',
145 silly audit report       vulnerable_versions: '<4.1.3',
145 silly audit report       cwe: [Array],
145 silly audit report       cvss: [Object]
145 silly audit report     }
145 silly audit report   ]
145 silly audit report }
146 silly packumentCache corgi:https://registry.npmjs.org/esbuild cache-miss
147 silly packumentCache corgi:https://registry.npmjs.org/form-data cache-miss
148 silly packumentCache corgi:https://registry.npmjs.org/request cache-miss
149 silly packumentCache corgi:https://registry.npmjs.org/tough-cookie cache-miss
150 warn deprecated @babel/polyfill@7.12.1: 🚨 This package has been deprecated in favor of separate inclusion of a polyfill and regenerator-runtime (when needed). See the @babel/polyfill docs (https://babeljs.io/docs/en/babel-polyfill) for more information.
151 warn deprecated uuid@3.4.0: Please upgrade  to version 7 or higher.  Older versions may use Math.random() in certain circumstances, which is known to be problematic.  See https://v8.dev/blog/math-random for details.
152 warn deprecated request@2.88.2: request has been deprecated, see https://github.com/request/request/issues/3142
153 http fetch GET 200 https://registry.npmjs.org/esbuild 223ms (cache revalidated)
154 silly packumentCache corgi:https://registry.npmjs.org/esbuild set size:866881 disposed:false
155 http fetch GET 200 https://registry.npmjs.org/tough-cookie 334ms (cache revalidated)
156 silly packumentCache corgi:https://registry.npmjs.org/tough-cookie set size:55049 disposed:false
157 http fetch GET 200 https://registry.npmjs.org/form-data 421ms (cache revalidated)
158 silly packumentCache corgi:https://registry.npmjs.org/form-data set size:50252 disposed:false
159 http fetch GET 200 https://registry.npmjs.org/request 456ms (cache revalidated)
160 silly packumentCache corgi:https://registry.npmjs.org/request set size:129997 disposed:false
161 silly packumentCache corgi:https://registry.npmjs.org/vite cache-miss
162 http fetch GET 200 https://registry.npmjs.org/vite 371ms (cache updated)
163 silly packumentCache corgi:https://registry.npmjs.org/vite set size:undefined disposed:false
164 silly packumentCache corgi:https://registry.npmjs.org/get-pixels cache-miss
165 http fetch GET 200 https://registry.npmjs.org/get-pixels 75ms (cache revalidated)
166 silly packumentCache corgi:https://registry.npmjs.org/get-pixels set size:18963 disposed:false
167 silly packumentCache corgi:https://registry.npmjs.org/@tailwindcss%2fvite cache-miss
168 silly packumentCache corgi:https://registry.npmjs.org/laravel-vite-plugin cache-miss
169 http fetch GET 200 https://registry.npmjs.org/@tailwindcss%2fvite 270ms (cache updated)
170 silly packumentCache corgi:https://registry.npmjs.org/@tailwindcss%2fvite set size:undefined disposed:false
171 http fetch GET 200 https://registry.npmjs.org/laravel-vite-plugin 645ms (cache updated)
172 silly packumentCache corgi:https://registry.npmjs.org/laravel-vite-plugin set size:undefined disposed:false
173 silly packumentCache corgi:https://registry.npmjs.org/@ericblade%2fquagga2 cache-miss
174 warn deprecated core-js@2.6.12: core-js@<3.23.3 is no longer maintained and not recommended for usage due to the number of issues. Because of the V8 engine whims, feature detection in old core-js versions could cause a slowdown up to 100x even if nothing is polyfilled. Some versions have web compatibility issues. Please, upgrade your dependencies to the actual version of core-js.
175 http fetch GET 200 https://registry.npmjs.org/@ericblade%2fquagga2 1432ms (cache revalidated)
176 silly packumentCache corgi:https://registry.npmjs.org/@ericblade%2fquagga2 set size:170439 disposed:false
177 info run @tailwindcss/oxide@4.1.11 postinstall node_modules/@tailwindcss/oxide node ./scripts/install.js
178 info run core-js@2.6.12 postinstall node_modules/core-js node -e "try{require('./postinstall')}catch(e){}"
179 info run esbuild@0.21.5 postinstall node_modules/esbuild node install.js
180 info run core-js@2.6.12 postinstall { code: 0, signal: null }
181 info run esbuild@0.21.5 postinstall { code: 0, signal: null }
182 info run @tailwindcss/oxide@4.1.11 postinstall { code: 0, signal: null }
183 silly ADD node_modules/yargs-parser
184 silly ADD node_modules/yargs
185 silly ADD node_modules/yallist
186 silly ADD node_modules/y18n
187 silly ADD node_modules/xmlhttprequest-ssl
188 silly ADD node_modules/ws
189 silly ADD node_modules/wrap-ansi
190 silly ADD node_modules/vite-plugin-full-reload
191 silly ADD node_modules/vite
192 silly ADD node_modules/verror
193 silly ADD node_modules/uuid
194 silly ADD node_modules/uri-js
195 silly ADD node_modules/uniq
196 silly ADD node_modules/tweetnacl
197 silly ADD node_modules/tunnel-agent
198 silly ADD node_modules/tslib
199 silly ADD node_modules/tree-kill
200 silly ADD node_modules/tough-cookie
201 silly ADD node_modules/through
202 silly ADD node_modules/tar
203 silly ADD node_modules/tapable
204 silly ADD node_modules/tailwindcss
205 silly ADD node_modules/supports-color
206 silly ADD node_modules/strip-ansi
207 silly ADD node_modules/string-width
208 silly ADD node_modules/sshpk
209 silly ADD node_modules/sshpk/node_modules/tweetnacl
210 silly ADD node_modules/source-map-js
211 silly ADD node_modules/socket.io-parser
212 silly ADD node_modules/socket.io-client
213 silly ADD node_modules/shell-quote
214 silly ADD node_modules/select2
215 silly ADD node_modules/safer-buffer
216 silly ADD node_modules/safe-buffer
217 silly ADD node_modules/rxjs
218 silly ADD node_modules/rollup
219 silly ADD node_modules/require-directory
220 silly ADD node_modules/request
221 silly ADD node_modules/request/node_modules/form-data
222 silly ADD node_modules/regenerator-runtime
223 silly ADD node_modules/qs
224 silly ADD node_modules/pusher-js
225 silly ADD node_modules/punycode
226 silly ADD node_modules/psl
227 silly ADD node_modules/proxy-from-env
228 silly ADD node_modules/postcss
229 silly ADD node_modules/pngjs
230 silly ADD node_modules/picomatch
231 silly ADD node_modules/picocolors
232 silly ADD node_modules/performance-now
233 silly ADD node_modules/parse-data-uri
234 silly ADD node_modules/omggif
235 silly ADD node_modules/oauth-sign
236 silly ADD node_modules/node-bitmap
237 silly ADD node_modules/ndarray-pack
238 silly ADD node_modules/ndarray-linear-interpolate
239 silly ADD node_modules/ndarray
240 silly ADD node_modules/nanoid
241 silly ADD node_modules/ms
242 silly ADD node_modules/mkdirp
243 silly ADD node_modules/minizlib
244 silly ADD node_modules/minipass
245 silly ADD node_modules/mime-types
246 silly ADD node_modules/mime-db
247 silly ADD node_modules/math-intrinsics
248 silly ADD node_modules/magic-string
249 silly ADD node_modules/lodash
250 silly ADD node_modules/lightningcss-win32-x64-msvc
251 silly ADD
252 silly ADD
253 silly ADD
254 silly ADD
255 silly ADD
256 silly ADD
257 silly ADD
258 silly ADD
259 silly ADD
260 silly ADD node_modules/lightningcss
261 silly ADD node_modules/laravel-vite-plugin
262 silly ADD node_modules/laravel-echo
263 silly ADD node_modules/jsprim
264 silly ADD node_modules/json-stringify-safe
265 silly ADD node_modules/json-schema-traverse
266 silly ADD node_modules/json-schema
267 silly ADD node_modules/jsbn
268 silly ADD node_modules/jquery
269 silly ADD node_modules/jpeg-js
270 silly ADD node_modules/jiti
271 silly ADD node_modules/isstream
272 silly ADD node_modules/is-typedarray
273 silly ADD node_modules/is-fullwidth-code-point
274 silly ADD node_modules/is-buffer
275 silly ADD node_modules/iota-array
276 silly ADD node_modules/http-signature
277 silly ADD node_modules/hasown
278 silly ADD node_modules/has-tostringtag
279 silly ADD node_modules/has-symbols
280 silly ADD node_modules/has-flag
281 silly ADD node_modules/har-validator
282 silly ADD node_modules/har-schema
283 silly ADD node_modules/graceful-fs
284 silly ADD node_modules/gopd
285 silly ADD node_modules/gl-matrix
286 silly ADD node_modules/getpass
287 silly ADD node_modules/get-proto
288 silly ADD node_modules/get-pixels
289 silly ADD node_modules/get-intrinsic
290 silly ADD node_modules/get-caller-file
291 silly ADD node_modules/function-bind
292 silly ADD
293 silly ADD node_modules/form-data
294 silly ADD node_modules/forever-agent
295 silly ADD node_modules/follow-redirects
296 silly ADD node_modules/fast-json-stable-stringify
297 silly ADD node_modules/fast-deep-equal
298 silly ADD node_modules/extsprintf
299 silly ADD node_modules/extend
300 silly ADD node_modules/escalade
301 silly ADD node_modules/esbuild
302 silly ADD node_modules/es-set-tostringtag
303 silly ADD node_modules/es-object-atoms
304 silly ADD node_modules/es-errors
305 silly ADD node_modules/es-define-property
306 silly ADD node_modules/enhanced-resolve
307 silly ADD node_modules/engine.io-parser
308 silly ADD node_modules/engine.io-client
309 silly ADD node_modules/emoji-regex
310 silly ADD node_modules/ecc-jsbn
311 silly ADD node_modules/dunder-proto
312 silly ADD node_modules/detect-libc
313 silly ADD node_modules/delayed-stream
314 silly ADD node_modules/debug
315 silly ADD node_modules/data-uri-to-buffer
316 silly ADD node_modules/dashdash
317 silly ADD node_modules/cwise-compiler
318 silly ADD node_modules/core-util-is
319 silly ADD node_modules/core-js
320 silly ADD node_modules/concurrently
321 silly ADD node_modules/combined-stream
322 silly ADD node_modules/color-name
323 silly ADD node_modules/color-convert
324 silly ADD node_modules/cliui
325 silly ADD node_modules/chownr
326 silly ADD node_modules/chalk
327 silly ADD node_modules/chalk/node_modules/supports-color
328 silly ADD node_modules/caseless
329 silly ADD node_modules/call-bind-apply-helpers
330 silly ADD node_modules/bootstrap
331 silly ADD node_modules/bcrypt-pbkdf
332 silly ADD node_modules/bcrypt-pbkdf/node_modules/tweetnacl
333 silly ADD node_modules/axios
334 silly ADD node_modules/aws4
335 silly ADD node_modules/aws-sign2
336 silly ADD node_modules/asynckit
337 silly ADD node_modules/assert-plus
338 silly ADD node_modules/asn1
339 silly ADD node_modules/ansi-styles
340 silly ADD node_modules/ansi-regex
341 silly ADD node_modules/ajv
342 silly ADD node_modules/@types/estree
343 silly ADD node_modules/@tailwindcss/vite
344 silly ADD node_modules/@tailwindcss/oxide-win32-x64-msvc
345 silly ADD
346 silly ADD
347 silly ADD
348 silly ADD
349 silly ADD
350 silly ADD
351 silly ADD
352 silly ADD
353 silly ADD
354 silly ADD
355 silly ADD
356 silly ADD node_modules/@tailwindcss/oxide
357 silly ADD node_modules/@tailwindcss/node
358 silly ADD node_modules/@socket.io/component-emitter
359 silly ADD
360 silly ADD
361 silly ADD
362 silly ADD
363 silly ADD
364 silly ADD
365 silly ADD
366 silly ADD
367 silly ADD
368 silly ADD
369 silly ADD
370 silly ADD
371 silly ADD
372 silly ADD
373 silly ADD
374 silly ADD
375 silly ADD
376 silly ADD
377 silly ADD
378 silly ADD node_modules/@popperjs/core
379 silly ADD node_modules/@jridgewell/trace-mapping
380 silly ADD node_modules/@jridgewell/sourcemap-codec
381 silly ADD node_modules/@jridgewell/resolve-uri
382 silly ADD node_modules/@jridgewell/gen-mapping
383 silly ADD node_modules/@isaacs/fs-minipass
384 silly ADD
385 silly ADD
386 silly ADD
387 silly ADD
388 silly ADD
389 silly ADD
390 silly ADD
391 silly ADD
392 silly ADD
393 silly ADD
394 silly ADD
395 silly ADD
396 silly ADD
397 silly ADD
398 silly ADD
399 silly ADD
400 silly ADD
401 silly ADD
402 silly ADD
403 silly ADD
404 silly ADD
405 silly ADD
406 silly ADD node_modules/@ericblade/quagga2
407 silly ADD node_modules/@babel/polyfill
408 silly ADD node_modules/@ampproject/remapping
409 silly CHANGE node_modules/@rollup/rollup-win32-x64-msvc
410 silly CHANGE node_modules/@esbuild/win32-x64
411 verbose cwd C:\laragon\www\PolyFlix
412 verbose os Windows_NT 10.0.26100
413 verbose node v20.11.1
414 verbose npm  v10.9.0
415 verbose exit 0
416 info ok
