0 verbose cli D:\Program Files\nodejs\node.exe C:\Users\Trung Kiên\AppData\Roaming\npm\node_modules\npm\bin\npm-cli.js
1 info using npm@10.9.0
2 info using node@v20.11.1
3 silly config load:file:C:\Users\Trung Kiên\AppData\Roaming\npm\node_modules\npm\npmrc
4 silly config load:file:C:\laragon\www\PolyFlix\.npmrc
5 silly config load:file:C:\Users\Trung Kiên\.npmrc
6 silly config load:file:C:\Users\Trung Kiên\AppData\Roaming\npm\etc\npmrc
7 verbose title npm exec vite build
8 verbose argv "exec" "--" "vite" "build"
9 verbose logfile logs-max:10 dir:C:\laragon\www\PolyFlix\tmpnodejsnpm-cache\_logs\2025-08-26T08_55_14_326Z-
10 verbose logfile C:\laragon\www\PolyFlix\tmpnodejsnpm-cache\_logs\2025-08-26T08_55_14_326Z-debug-0.log
11 silly logfile start cleaning logs, removing 2 files
12 silly logfile done cleaning log files
13 silly packumentCache heap:2197815296 maxSize:549453824 maxEntrySize:274726912
14 http fetch GET 200 https://registry.npmjs.org/vite 723ms (cache updated)
15 silly packumentCache heap:2197815296 maxSize:549453824 maxEntrySize:274726912
16 silly packumentCache heap:2197815296 maxSize:549453824 maxEntrySize:274726912
17 silly idealTree buildDeps
18 silly fetch manifest vite@6.3.5
19 silly packumentCache full:https://registry.npmjs.org/vite cache-miss
20 http fetch GET 200 https://registry.npmjs.org/vite 1074ms (cache updated)
21 silly packumentCache full:https://registry.npmjs.org/vite set size:undefined disposed:false
22 silly fetch manifest @types/node@^18.0.0 || ^20.0.0 || >=22.0.0
23 silly packumentCache full:https://registry.npmjs.org/@types%2fnode cache-miss
24 http fetch GET 200 https://registry.npmjs.org/@types%2fnode 311ms (cache updated)
25 silly packumentCache full:https://registry.npmjs.org/@types%2fnode set size:undefined disposed:false
26 silly fetch manifest jiti@>=1.21.0
27 silly packumentCache full:https://registry.npmjs.org/jiti cache-miss
28 http fetch GET 200 https://registry.npmjs.org/jiti 94ms (cache revalidated)
29 silly packumentCache full:https://registry.npmjs.org/jiti set size:373202 disposed:false
30 silly fetch manifest less@*
31 silly packumentCache full:https://registry.npmjs.org/less cache-miss
32 http fetch GET 200 https://registry.npmjs.org/less 98ms (cache updated)
33 silly packumentCache full:https://registry.npmjs.org/less set size:undefined disposed:false
34 silly fetch manifest lightningcss@^1.21.0
35 silly packumentCache full:https://registry.npmjs.org/lightningcss cache-miss
36 http fetch GET 200 https://registry.npmjs.org/lightningcss 74ms (cache revalidated)
37 silly packumentCache full:https://registry.npmjs.org/lightningcss set size:169503 disposed:false
38 silly fetch manifest sass@*
39 silly packumentCache full:https://registry.npmjs.org/sass cache-miss
40 http fetch GET 200 https://registry.npmjs.org/sass 131ms (cache updated)
41 silly packumentCache full:https://registry.npmjs.org/sass set size:undefined disposed:false
42 silly fetch manifest sass-embedded@*
43 silly packumentCache full:https://registry.npmjs.org/sass-embedded cache-miss
44 http fetch GET 200 https://registry.npmjs.org/sass-embedded 72ms (cache updated)
45 silly packumentCache full:https://registry.npmjs.org/sass-embedded set size:undefined disposed:false
46 silly fetch manifest stylus@*
47 silly packumentCache full:https://registry.npmjs.org/stylus cache-miss
48 http fetch GET 200 https://registry.npmjs.org/stylus 58ms (cache revalidated)
49 silly packumentCache full:https://registry.npmjs.org/stylus set size:286766 disposed:false
50 silly fetch manifest sugarss@*
51 silly packumentCache full:https://registry.npmjs.org/sugarss cache-miss
52 http fetch GET 200 https://registry.npmjs.org/sugarss 63ms (cache updated)
53 silly packumentCache full:https://registry.npmjs.org/sugarss set size:undefined disposed:false
54 silly fetch manifest postcss@^8.3.3
55 silly packumentCache full:https://registry.npmjs.org/postcss cache-miss
56 http fetch GET 200 https://registry.npmjs.org/postcss 73ms (cache revalidated)
57 silly packumentCache full:https://registry.npmjs.org/postcss set size:696262 disposed:false
58 silly fetch manifest terser@^5.16.0
59 silly packumentCache full:https://registry.npmjs.org/terser cache-miss
60 http fetch GET 200 https://registry.npmjs.org/terser 110ms (cache revalidated)
61 silly packumentCache full:https://registry.npmjs.org/terser set size:773562 disposed:false
62 silly fetch manifest tsx@^4.8.1
63 silly packumentCache full:https://registry.npmjs.org/tsx cache-miss
64 http fetch GET 200 https://registry.npmjs.org/tsx 99ms (cache updated)
65 silly packumentCache full:https://registry.npmjs.org/tsx set size:undefined disposed:false
66 silly fetch manifest yaml@^2.4.2
67 silly packumentCache full:https://registry.npmjs.org/yaml cache-miss
68 http fetch GET 200 https://registry.npmjs.org/yaml 81ms (cache updated)
69 silly packumentCache full:https://registry.npmjs.org/yaml set size:undefined disposed:false
70 silly placeDep ROOT vite@6.3.5 OK for:  want: 6.3.5
71 silly fetch manifest fdir@^6.4.4
72 silly packumentCache full:https://registry.npmjs.org/fdir cache-miss
73 silly fetch manifest rollup@^4.34.9
74 silly packumentCache full:https://registry.npmjs.org/rollup cache-miss
75 silly fetch manifest esbuild@^0.25.0
76 silly packumentCache full:https://registry.npmjs.org/esbuild cache-miss
77 silly fetch manifest postcss@^8.5.3
78 silly packumentCache full:https://registry.npmjs.org/postcss cache-hit
79 silly fetch manifest picomatch@^4.0.2
80 silly packumentCache full:https://registry.npmjs.org/picomatch cache-miss
81 silly fetch manifest tinyglobby@^0.2.13
82 silly packumentCache full:https://registry.npmjs.org/tinyglobby cache-miss
83 silly fetch manifest fsevents@~2.3.3
84 silly packumentCache full:https://registry.npmjs.org/fsevents cache-miss
85 http fetch GET 200 https://registry.npmjs.org/fdir 95ms (cache updated)
86 silly packumentCache full:https://registry.npmjs.org/fdir set size:undefined disposed:false
87 http fetch GET 200 https://registry.npmjs.org/picomatch 212ms (cache revalidated)
88 silly packumentCache full:https://registry.npmjs.org/picomatch set size:118818 disposed:false
89 http fetch GET 200 https://registry.npmjs.org/tinyglobby 225ms (cache revalidated)
90 silly packumentCache full:https://registry.npmjs.org/tinyglobby set size:49873 disposed:false
91 http fetch GET 200 https://registry.npmjs.org/fsevents 232ms (cache revalidated)
92 silly packumentCache full:https://registry.npmjs.org/fsevents set size:182472 disposed:false
93 http fetch GET 200 https://registry.npmjs.org/rollup 402ms (cache updated)
94 silly packumentCache full:https://registry.npmjs.org/rollup set size:undefined disposed:false
95 http fetch GET 200 https://registry.npmjs.org/esbuild 604ms (cache updated)
96 silly packumentCache full:https://registry.npmjs.org/esbuild set size:undefined disposed:false
97 silly placeDep ROOT esbuild@0.25.9 OK for: vite@6.3.5 want: ^0.25.0
98 silly placeDep ROOT fdir@6.5.0 OK for: vite@6.3.5 want: ^6.4.4
99 silly placeDep ROOT fsevents@2.3.3 OK for: vite@6.3.5 want: ~2.3.3
100 silly placeDep ROOT picomatch@4.0.3 OK for: vite@6.3.5 want: ^4.0.2
101 silly placeDep ROOT postcss@8.5.6 OK for: vite@6.3.5 want: ^8.5.3
102 silly placeDep ROOT rollup@4.48.1 OK for: vite@6.3.5 want: ^4.34.9
103 silly placeDep ROOT tinyglobby@0.2.14 OK for: vite@6.3.5 want: ^0.2.13
104 silly fetch manifest @esbuild/aix-ppc64@0.25.9
105 silly packumentCache full:https://registry.npmjs.org/@esbuild%2faix-ppc64 cache-miss
106 silly fetch manifest @esbuild/android-arm@0.25.9
107 silly packumentCache full:https://registry.npmjs.org/@esbuild%2fandroid-arm cache-miss
108 silly fetch manifest @esbuild/android-arm64@0.25.9
109 silly packumentCache full:https://registry.npmjs.org/@esbuild%2fandroid-arm64 cache-miss
110 silly fetch manifest @esbuild/android-x64@0.25.9
111 silly packumentCache full:https://registry.npmjs.org/@esbuild%2fandroid-x64 cache-miss
112 silly fetch manifest @esbuild/darwin-arm64@0.25.9
113 silly packumentCache full:https://registry.npmjs.org/@esbuild%2fdarwin-arm64 cache-miss
114 silly fetch manifest @esbuild/darwin-x64@0.25.9
115 silly packumentCache full:https://registry.npmjs.org/@esbuild%2fdarwin-x64 cache-miss
116 silly fetch manifest @esbuild/freebsd-arm64@0.25.9
117 silly packumentCache full:https://registry.npmjs.org/@esbuild%2ffreebsd-arm64 cache-miss
118 silly fetch manifest @esbuild/freebsd-x64@0.25.9
119 silly packumentCache full:https://registry.npmjs.org/@esbuild%2ffreebsd-x64 cache-miss
120 silly fetch manifest @esbuild/linux-arm@0.25.9
121 silly packumentCache full:https://registry.npmjs.org/@esbuild%2flinux-arm cache-miss
122 silly fetch manifest @esbuild/linux-arm64@0.25.9
123 silly packumentCache full:https://registry.npmjs.org/@esbuild%2flinux-arm64 cache-miss
124 silly fetch manifest @esbuild/linux-ia32@0.25.9
125 silly packumentCache full:https://registry.npmjs.org/@esbuild%2flinux-ia32 cache-miss
126 http fetch GET 200 https://registry.npmjs.org/@esbuild%2fdarwin-x64 193ms (cache updated)
127 silly packumentCache full:https://registry.npmjs.org/@esbuild%2fdarwin-x64 set size:undefined disposed:false
128 silly fetch manifest @esbuild/linux-loong64@0.25.9
129 silly packumentCache full:https://registry.npmjs.org/@esbuild%2flinux-loong64 cache-miss
130 http fetch GET 200 https://registry.npmjs.org/@esbuild%2fandroid-arm64 434ms (cache updated)
131 silly packumentCache full:https://registry.npmjs.org/@esbuild%2fandroid-arm64 set size:undefined disposed:false
132 silly fetch manifest @esbuild/linux-mips64el@0.25.9
133 silly packumentCache full:https://registry.npmjs.org/@esbuild%2flinux-mips64el cache-miss
134 http fetch GET 200 https://registry.npmjs.org/@esbuild%2faix-ppc64 453ms (cache updated)
135 silly packumentCache full:https://registry.npmjs.org/@esbuild%2faix-ppc64 set size:undefined disposed:false
136 silly fetch manifest @esbuild/linux-ppc64@0.25.9
137 silly packumentCache full:https://registry.npmjs.org/@esbuild%2flinux-ppc64 cache-miss
138 http fetch GET 200 https://registry.npmjs.org/@esbuild%2fandroid-arm 537ms (cache updated)
139 silly packumentCache full:https://registry.npmjs.org/@esbuild%2fandroid-arm set size:undefined disposed:false
140 silly fetch manifest @esbuild/linux-riscv64@0.25.9
141 silly packumentCache full:https://registry.npmjs.org/@esbuild%2flinux-riscv64 cache-miss
142 http fetch GET 200 https://registry.npmjs.org/@esbuild%2ffreebsd-x64 600ms (cache updated)
143 silly packumentCache full:https://registry.npmjs.org/@esbuild%2ffreebsd-x64 set size:undefined disposed:false
144 silly fetch manifest @esbuild/linux-s390x@0.25.9
145 silly packumentCache full:https://registry.npmjs.org/@esbuild%2flinux-s390x cache-miss
146 http fetch GET 200 https://registry.npmjs.org/@esbuild%2fandroid-x64 713ms (cache updated)
147 silly packumentCache full:https://registry.npmjs.org/@esbuild%2fandroid-x64 set size:undefined disposed:false
148 silly fetch manifest @esbuild/linux-x64@0.25.9
149 silly packumentCache full:https://registry.npmjs.org/@esbuild%2flinux-x64 cache-miss
150 http fetch GET 200 https://registry.npmjs.org/@esbuild%2ffreebsd-arm64 740ms (cache updated)
151 silly packumentCache full:https://registry.npmjs.org/@esbuild%2ffreebsd-arm64 set size:undefined disposed:false
152 silly fetch manifest @esbuild/netbsd-arm64@0.25.9
153 silly packumentCache full:https://registry.npmjs.org/@esbuild%2fnetbsd-arm64 cache-miss
154 http fetch GET 200 https://registry.npmjs.org/@esbuild%2flinux-ia32 759ms (cache updated)
155 silly packumentCache full:https://registry.npmjs.org/@esbuild%2flinux-ia32 set size:undefined disposed:false
156 silly fetch manifest @esbuild/netbsd-x64@0.25.9
157 silly packumentCache full:https://registry.npmjs.org/@esbuild%2fnetbsd-x64 cache-miss
158 http fetch GET 200 https://registry.npmjs.org/@esbuild%2flinux-loong64 576ms (cache updated)
159 silly packumentCache full:https://registry.npmjs.org/@esbuild%2flinux-loong64 set size:undefined disposed:false
160 silly fetch manifest @esbuild/openbsd-arm64@0.25.9
161 silly packumentCache full:https://registry.npmjs.org/@esbuild%2fopenbsd-arm64 cache-miss
162 http fetch GET 200 https://registry.npmjs.org/@esbuild%2fdarwin-arm64 793ms (cache updated)
163 silly packumentCache full:https://registry.npmjs.org/@esbuild%2fdarwin-arm64 set size:undefined disposed:false
164 silly fetch manifest @esbuild/openbsd-x64@0.25.9
165 silly packumentCache full:https://registry.npmjs.org/@esbuild%2fopenbsd-x64 cache-miss
166 http fetch GET 200 https://registry.npmjs.org/@esbuild%2flinux-arm 810ms (cache updated)
167 silly packumentCache full:https://registry.npmjs.org/@esbuild%2flinux-arm set size:undefined disposed:false
168 silly fetch manifest @esbuild/openharmony-arm64@0.25.9
169 silly packumentCache full:https://registry.npmjs.org/@esbuild%2fopenharmony-arm64 cache-miss
170 http fetch GET 200 https://registry.npmjs.org/@esbuild%2flinux-arm64 904ms (cache updated)
171 silly packumentCache full:https://registry.npmjs.org/@esbuild%2flinux-arm64 set size:undefined disposed:false
172 silly fetch manifest @esbuild/sunos-x64@0.25.9
173 silly packumentCache full:https://registry.npmjs.org/@esbuild%2fsunos-x64 cache-miss
174 http fetch GET 200 https://registry.npmjs.org/@esbuild%2flinux-ppc64 520ms (cache updated)
175 silly packumentCache full:https://registry.npmjs.org/@esbuild%2flinux-ppc64 set size:undefined disposed:false
176 silly fetch manifest @esbuild/win32-arm64@0.25.9
177 silly packumentCache full:https://registry.npmjs.org/@esbuild%2fwin32-arm64 cache-miss
178 http fetch GET 200 https://registry.npmjs.org/@esbuild%2flinux-riscv64 459ms (cache updated)
179 silly packumentCache full:https://registry.npmjs.org/@esbuild%2flinux-riscv64 set size:undefined disposed:false
180 silly fetch manifest @esbuild/win32-ia32@0.25.9
181 silly packumentCache full:https://registry.npmjs.org/@esbuild%2fwin32-ia32 cache-miss
182 http fetch GET 200 https://registry.npmjs.org/@esbuild%2flinux-mips64el 612ms (cache updated)
183 silly packumentCache full:https://registry.npmjs.org/@esbuild%2flinux-mips64el set size:undefined disposed:false
184 silly fetch manifest @esbuild/win32-x64@0.25.9
185 silly packumentCache full:https://registry.npmjs.org/@esbuild%2fwin32-x64 cache-miss
186 http fetch GET 200 https://registry.npmjs.org/@esbuild%2flinux-s390x 543ms (cache updated)
187 silly packumentCache full:https://registry.npmjs.org/@esbuild%2flinux-s390x set size:undefined disposed:false
188 silly fetch manifest nanoid@^3.3.11
189 silly packumentCache full:https://registry.npmjs.org/nanoid cache-miss
190 http fetch GET 200 https://registry.npmjs.org/@esbuild%2fnetbsd-arm64 416ms (cache updated)
191 silly packumentCache full:https://registry.npmjs.org/@esbuild%2fnetbsd-arm64 set size:undefined disposed:false
192 silly fetch manifest picocolors@^1.1.1
193 silly packumentCache full:https://registry.npmjs.org/picocolors cache-miss
194 http fetch GET 200 https://registry.npmjs.org/@esbuild%2fopenbsd-arm64 403ms (cache updated)
195 silly packumentCache full:https://registry.npmjs.org/@esbuild%2fopenbsd-arm64 set size:undefined disposed:false
196 silly fetch manifest source-map-js@^1.2.1
197 silly packumentCache full:https://registry.npmjs.org/source-map-js cache-miss
198 http fetch GET 200 https://registry.npmjs.org/@esbuild%2fopenharmony-arm64 378ms (cache updated)
199 silly packumentCache full:https://registry.npmjs.org/@esbuild%2fopenharmony-arm64 set size:undefined disposed:false
200 silly fetch manifest @types/estree@1.0.8
201 silly packumentCache full:https://registry.npmjs.org/@types%2festree cache-miss
202 http fetch GET 200 https://registry.npmjs.org/@esbuild%2flinux-x64 504ms (cache updated)
203 silly packumentCache full:https://registry.npmjs.org/@esbuild%2flinux-x64 set size:undefined disposed:false
204 silly fetch manifest @rollup/rollup-darwin-arm64@4.48.1
205 silly packumentCache full:https://registry.npmjs.org/@rollup%2frollup-darwin-arm64 cache-miss
206 http fetch GET 200 https://registry.npmjs.org/@esbuild%2fnetbsd-x64 518ms (cache updated)
207 silly packumentCache full:https://registry.npmjs.org/@esbuild%2fnetbsd-x64 set size:undefined disposed:false
208 silly fetch manifest @rollup/rollup-android-arm64@4.48.1
209 silly packumentCache full:https://registry.npmjs.org/@rollup%2frollup-android-arm64 cache-miss
210 http fetch GET 200 https://registry.npmjs.org/@esbuild%2fopenbsd-x64 522ms (cache updated)
211 silly packumentCache full:https://registry.npmjs.org/@esbuild%2fopenbsd-x64 set size:undefined disposed:false
212 silly fetch manifest @rollup/rollup-win32-arm64-msvc@4.48.1
213 silly packumentCache full:https://registry.npmjs.org/@rollup%2frollup-win32-arm64-msvc cache-miss
214 http fetch GET 200 https://registry.npmjs.org/picocolors 209ms (cache revalidated)
215 silly packumentCache full:https://registry.npmjs.org/picocolors set size:16648 disposed:false
216 silly fetch manifest @rollup/rollup-freebsd-arm64@4.48.1
217 silly packumentCache full:https://registry.npmjs.org/@rollup%2frollup-freebsd-arm64 cache-miss
218 http fetch GET 200 https://registry.npmjs.org/nanoid 232ms (cache revalidated)
219 silly packumentCache full:https://registry.npmjs.org/nanoid set size:296547 disposed:false
220 silly fetch manifest @rollup/rollup-linux-arm64-gnu@4.48.1
221 silly packumentCache full:https://registry.npmjs.org/@rollup%2frollup-linux-arm64-gnu cache-miss
222 http fetch GET 200 https://registry.npmjs.org/@esbuild%2fsunos-x64 490ms (cache updated)
223 silly packumentCache full:https://registry.npmjs.org/@esbuild%2fsunos-x64 set size:undefined disposed:false
224 silly fetch manifest @rollup/rollup-linux-arm64-musl@4.48.1
225 silly packumentCache full:https://registry.npmjs.org/@rollup%2frollup-linux-arm64-musl cache-miss
226 http fetch GET 200 https://registry.npmjs.org/@esbuild%2fwin32-ia32 388ms (cache updated)
227 silly packumentCache full:https://registry.npmjs.org/@esbuild%2fwin32-ia32 set size:undefined disposed:false
228 silly fetch manifest @rollup/rollup-android-arm-eabi@4.48.1
229 silly packumentCache full:https://registry.npmjs.org/@rollup%2frollup-android-arm-eabi cache-miss
230 http fetch GET 200 https://registry.npmjs.org/@esbuild%2fwin32-x64 359ms (cache updated)
231 silly packumentCache full:https://registry.npmjs.org/@esbuild%2fwin32-x64 set size:undefined disposed:false
232 silly fetch manifest @rollup/rollup-linux-arm-gnueabihf@4.48.1
233 silly packumentCache full:https://registry.npmjs.org/@rollup%2frollup-linux-arm-gnueabihf cache-miss
234 http fetch GET 200 https://registry.npmjs.org/@esbuild%2fwin32-arm64 474ms (cache updated)
235 silly packumentCache full:https://registry.npmjs.org/@esbuild%2fwin32-arm64 set size:undefined disposed:false
236 silly fetch manifest @rollup/rollup-linux-arm-musleabihf@4.48.1
237 silly packumentCache full:https://registry.npmjs.org/@rollup%2frollup-linux-arm-musleabihf cache-miss
238 http fetch GET 200 https://registry.npmjs.org/source-map-js 277ms (cache revalidated)
239 silly packumentCache full:https://registry.npmjs.org/source-map-js set size:62640 disposed:false
240 silly fetch manifest @rollup/rollup-win32-ia32-msvc@4.48.1
241 silly packumentCache full:https://registry.npmjs.org/@rollup%2frollup-win32-ia32-msvc cache-miss
242 http fetch GET 200 https://registry.npmjs.org/@types%2festree 350ms (cache updated)
243 silly packumentCache full:https://registry.npmjs.org/@types%2festree set size:undefined disposed:false
244 silly fetch manifest @rollup/rollup-linux-loongarch64-gnu@4.48.1
245 silly packumentCache full:https://registry.npmjs.org/@rollup%2frollup-linux-loongarch64-gnu cache-miss
246 http fetch GET 200 https://registry.npmjs.org/@rollup%2frollup-android-arm64 334ms (cache updated)
247 silly packumentCache full:https://registry.npmjs.org/@rollup%2frollup-android-arm64 set size:undefined disposed:false
248 silly fetch manifest @rollup/rollup-linux-riscv64-gnu@4.48.1
249 silly packumentCache full:https://registry.npmjs.org/@rollup%2frollup-linux-riscv64-gnu cache-miss
250 http fetch GET 200 https://registry.npmjs.org/@rollup%2frollup-freebsd-arm64 301ms (cache updated)
251 silly packumentCache full:https://registry.npmjs.org/@rollup%2frollup-freebsd-arm64 set size:undefined disposed:false
252 silly fetch manifest @rollup/rollup-linux-riscv64-musl@4.48.1
253 silly packumentCache full:https://registry.npmjs.org/@rollup%2frollup-linux-riscv64-musl cache-miss
254 http fetch GET 200 https://registry.npmjs.org/@rollup%2frollup-win32-arm64-msvc 364ms (cache updated)
255 silly packumentCache full:https://registry.npmjs.org/@rollup%2frollup-win32-arm64-msvc set size:undefined disposed:false
256 silly fetch manifest @rollup/rollup-linux-ppc64-gnu@4.48.1
257 silly packumentCache full:https://registry.npmjs.org/@rollup%2frollup-linux-ppc64-gnu cache-miss
258 http fetch GET 200 https://registry.npmjs.org/@rollup%2frollup-android-arm-eabi 514ms (cache updated)
259 silly packumentCache full:https://registry.npmjs.org/@rollup%2frollup-android-arm-eabi set size:undefined disposed:false
260 silly fetch manifest @rollup/rollup-linux-s390x-gnu@4.48.1
261 silly packumentCache full:https://registry.npmjs.org/@rollup%2frollup-linux-s390x-gnu cache-miss
262 http fetch GET 200 https://registry.npmjs.org/@rollup%2frollup-linux-arm64-musl 537ms (cache updated)
263 silly packumentCache full:https://registry.npmjs.org/@rollup%2frollup-linux-arm64-musl set size:undefined disposed:false
264 silly fetch manifest @rollup/rollup-darwin-x64@4.48.1
265 silly packumentCache full:https://registry.npmjs.org/@rollup%2frollup-darwin-x64 cache-miss
266 http fetch GET 200 https://registry.npmjs.org/@rollup%2frollup-linux-arm-musleabihf 502ms (cache updated)
267 silly packumentCache full:https://registry.npmjs.org/@rollup%2frollup-linux-arm-musleabihf set size:undefined disposed:false
268 silly fetch manifest @rollup/rollup-win32-x64-msvc@4.48.1
269 silly packumentCache full:https://registry.npmjs.org/@rollup%2frollup-win32-x64-msvc cache-miss
270 http fetch GET 200 https://registry.npmjs.org/@rollup%2frollup-linux-arm64-gnu 571ms (cache updated)
271 silly packumentCache full:https://registry.npmjs.org/@rollup%2frollup-linux-arm64-gnu set size:undefined disposed:false
272 silly fetch manifest @rollup/rollup-freebsd-x64@4.48.1
273 silly packumentCache full:https://registry.npmjs.org/@rollup%2frollup-freebsd-x64 cache-miss
274 http fetch GET 200 https://registry.npmjs.org/@rollup%2frollup-linux-loongarch64-gnu 435ms (cache updated)
275 silly packumentCache full:https://registry.npmjs.org/@rollup%2frollup-linux-loongarch64-gnu set size:undefined disposed:false
276 silly fetch manifest @rollup/rollup-linux-x64-gnu@4.48.1
277 silly packumentCache full:https://registry.npmjs.org/@rollup%2frollup-linux-x64-gnu cache-miss
278 http fetch GET 200 https://registry.npmjs.org/@rollup%2frollup-linux-arm-gnueabihf 581ms (cache updated)
279 silly packumentCache full:https://registry.npmjs.org/@rollup%2frollup-linux-arm-gnueabihf set size:undefined disposed:false
280 silly fetch manifest @rollup/rollup-linux-x64-musl@4.48.1
281 silly packumentCache full:https://registry.npmjs.org/@rollup%2frollup-linux-x64-musl cache-miss
282 http fetch GET 200 https://registry.npmjs.org/@rollup%2frollup-win32-ia32-msvc 533ms (cache updated)
283 silly packumentCache full:https://registry.npmjs.org/@rollup%2frollup-win32-ia32-msvc set size:undefined disposed:false
284 http fetch GET 200 https://registry.npmjs.org/@rollup%2frollup-linux-riscv64-musl 404ms (cache updated)
285 silly packumentCache full:https://registry.npmjs.org/@rollup%2frollup-linux-riscv64-musl set size:undefined disposed:false
286 http fetch GET 200 https://registry.npmjs.org/@rollup%2frollup-darwin-arm64 870ms (cache updated)
287 silly packumentCache full:https://registry.npmjs.org/@rollup%2frollup-darwin-arm64 set size:undefined disposed:false
288 http fetch GET 200 https://registry.npmjs.org/@rollup%2frollup-linux-s390x-gnu 194ms (cache updated)
289 silly packumentCache full:https://registry.npmjs.org/@rollup%2frollup-linux-s390x-gnu set size:undefined disposed:false
290 http fetch GET 200 https://registry.npmjs.org/@rollup%2frollup-win32-x64-msvc 197ms (cache updated)
291 silly packumentCache full:https://registry.npmjs.org/@rollup%2frollup-win32-x64-msvc set size:undefined disposed:false
292 http fetch GET 200 https://registry.npmjs.org/@rollup%2frollup-linux-riscv64-gnu 529ms (cache updated)
293 silly packumentCache full:https://registry.npmjs.org/@rollup%2frollup-linux-riscv64-gnu set size:undefined disposed:false
294 http fetch GET 200 https://registry.npmjs.org/@rollup%2frollup-linux-ppc64-gnu 516ms (cache updated)
295 silly packumentCache full:https://registry.npmjs.org/@rollup%2frollup-linux-ppc64-gnu set size:undefined disposed:false
296 http fetch GET 200 https://registry.npmjs.org/@rollup%2frollup-linux-x64-musl 200ms (cache updated)
297 silly packumentCache full:https://registry.npmjs.org/@rollup%2frollup-linux-x64-musl set size:undefined disposed:false
298 http fetch GET 200 https://registry.npmjs.org/@rollup%2frollup-linux-x64-gnu 238ms (cache updated)
299 silly packumentCache full:https://registry.npmjs.org/@rollup%2frollup-linux-x64-gnu set size:undefined disposed:false
300 http fetch GET 200 https://registry.npmjs.org/@rollup%2frollup-freebsd-x64 1270ms (cache updated)
301 silly packumentCache full:https://registry.npmjs.org/@rollup%2frollup-freebsd-x64 set size:undefined disposed:false
302 http fetch GET 200 https://registry.npmjs.org/@rollup%2frollup-darwin-x64 1362ms (cache updated)
303 silly packumentCache full:https://registry.npmjs.org/@rollup%2frollup-darwin-x64 set size:undefined disposed:false
304 silly placeDep ROOT @esbuild/aix-ppc64@0.25.9 OK for: esbuild@0.25.9 want: 0.25.9
305 silly placeDep ROOT @esbuild/android-arm@0.25.9 OK for: esbuild@0.25.9 want: 0.25.9
306 silly placeDep ROOT @esbuild/android-arm64@0.25.9 OK for: esbuild@0.25.9 want: 0.25.9
307 silly placeDep ROOT @esbuild/android-x64@0.25.9 OK for: esbuild@0.25.9 want: 0.25.9
308 silly placeDep ROOT @esbuild/darwin-arm64@0.25.9 OK for: esbuild@0.25.9 want: 0.25.9
309 silly placeDep ROOT @esbuild/darwin-x64@0.25.9 OK for: esbuild@0.25.9 want: 0.25.9
310 silly placeDep ROOT @esbuild/freebsd-arm64@0.25.9 OK for: esbuild@0.25.9 want: 0.25.9
311 silly placeDep ROOT @esbuild/freebsd-x64@0.25.9 OK for: esbuild@0.25.9 want: 0.25.9
312 silly placeDep ROOT @esbuild/linux-arm@0.25.9 OK for: esbuild@0.25.9 want: 0.25.9
313 silly placeDep ROOT @esbuild/linux-arm64@0.25.9 OK for: esbuild@0.25.9 want: 0.25.9
314 silly placeDep ROOT @esbuild/linux-ia32@0.25.9 OK for: esbuild@0.25.9 want: 0.25.9
315 silly placeDep ROOT @esbuild/linux-loong64@0.25.9 OK for: esbuild@0.25.9 want: 0.25.9
316 silly placeDep ROOT @esbuild/linux-mips64el@0.25.9 OK for: esbuild@0.25.9 want: 0.25.9
317 silly placeDep ROOT @esbuild/linux-ppc64@0.25.9 OK for: esbuild@0.25.9 want: 0.25.9
318 silly placeDep ROOT @esbuild/linux-riscv64@0.25.9 OK for: esbuild@0.25.9 want: 0.25.9
319 silly placeDep ROOT @esbuild/linux-s390x@0.25.9 OK for: esbuild@0.25.9 want: 0.25.9
320 silly placeDep ROOT @esbuild/linux-x64@0.25.9 OK for: esbuild@0.25.9 want: 0.25.9
321 silly placeDep ROOT @esbuild/netbsd-arm64@0.25.9 OK for: esbuild@0.25.9 want: 0.25.9
322 silly placeDep ROOT @esbuild/netbsd-x64@0.25.9 OK for: esbuild@0.25.9 want: 0.25.9
323 silly placeDep ROOT @esbuild/openbsd-arm64@0.25.9 OK for: esbuild@0.25.9 want: 0.25.9
324 silly placeDep ROOT @esbuild/openbsd-x64@0.25.9 OK for: esbuild@0.25.9 want: 0.25.9
325 silly placeDep ROOT @esbuild/openharmony-arm64@0.25.9 OK for: esbuild@0.25.9 want: 0.25.9
326 silly placeDep ROOT @esbuild/sunos-x64@0.25.9 OK for: esbuild@0.25.9 want: 0.25.9
327 silly placeDep ROOT @esbuild/win32-arm64@0.25.9 OK for: esbuild@0.25.9 want: 0.25.9
328 silly placeDep ROOT @esbuild/win32-ia32@0.25.9 OK for: esbuild@0.25.9 want: 0.25.9
329 silly placeDep ROOT @esbuild/win32-x64@0.25.9 OK for: esbuild@0.25.9 want: 0.25.9
330 silly placeDep ROOT nanoid@3.3.11 OK for: postcss@8.5.6 want: ^3.3.11
331 silly placeDep ROOT picocolors@1.1.1 OK for: postcss@8.5.6 want: ^1.1.1
332 silly placeDep ROOT source-map-js@1.2.1 OK for: postcss@8.5.6 want: ^1.2.1
333 silly placeDep ROOT @rollup/rollup-android-arm-eabi@4.48.1 OK for: rollup@4.48.1 want: 4.48.1
334 silly placeDep ROOT @rollup/rollup-android-arm64@4.48.1 OK for: rollup@4.48.1 want: 4.48.1
335 silly placeDep ROOT @rollup/rollup-darwin-arm64@4.48.1 OK for: rollup@4.48.1 want: 4.48.1
336 silly placeDep ROOT @rollup/rollup-darwin-x64@4.48.1 OK for: rollup@4.48.1 want: 4.48.1
337 silly placeDep ROOT @rollup/rollup-freebsd-arm64@4.48.1 OK for: rollup@4.48.1 want: 4.48.1
338 silly placeDep ROOT @rollup/rollup-freebsd-x64@4.48.1 OK for: rollup@4.48.1 want: 4.48.1
339 silly placeDep ROOT @rollup/rollup-linux-arm-gnueabihf@4.48.1 OK for: rollup@4.48.1 want: 4.48.1
340 silly placeDep ROOT @rollup/rollup-linux-arm-musleabihf@4.48.1 OK for: rollup@4.48.1 want: 4.48.1
341 silly placeDep ROOT @rollup/rollup-linux-arm64-gnu@4.48.1 OK for: rollup@4.48.1 want: 4.48.1
342 silly placeDep ROOT @rollup/rollup-linux-arm64-musl@4.48.1 OK for: rollup@4.48.1 want: 4.48.1
343 silly placeDep ROOT @rollup/rollup-linux-loongarch64-gnu@4.48.1 OK for: rollup@4.48.1 want: 4.48.1
344 silly placeDep ROOT @rollup/rollup-linux-ppc64-gnu@4.48.1 OK for: rollup@4.48.1 want: 4.48.1
345 silly placeDep ROOT @rollup/rollup-linux-riscv64-gnu@4.48.1 OK for: rollup@4.48.1 want: 4.48.1
346 silly placeDep ROOT @rollup/rollup-linux-riscv64-musl@4.48.1 OK for: rollup@4.48.1 want: 4.48.1
347 silly placeDep ROOT @rollup/rollup-linux-s390x-gnu@4.48.1 OK for: rollup@4.48.1 want: 4.48.1
348 silly placeDep ROOT @rollup/rollup-linux-x64-gnu@4.48.1 OK for: rollup@4.48.1 want: 4.48.1
349 silly placeDep ROOT @rollup/rollup-linux-x64-musl@4.48.1 OK for: rollup@4.48.1 want: 4.48.1
350 silly placeDep ROOT @rollup/rollup-win32-arm64-msvc@4.48.1 OK for: rollup@4.48.1 want: 4.48.1
351 silly placeDep ROOT @rollup/rollup-win32-ia32-msvc@4.48.1 OK for: rollup@4.48.1 want: 4.48.1
352 silly placeDep ROOT @rollup/rollup-win32-x64-msvc@4.48.1 OK for: rollup@4.48.1 want: 4.48.1
353 silly placeDep ROOT @types/estree@1.0.8 OK for: rollup@4.48.1 want: 1.0.8
354 silly reify moves {}
355 silly audit bulk request {
355 silly audit   vite: [ '6.3.5' ],
355 silly audit   esbuild: [ '0.25.9' ],
355 silly audit   fdir: [ '6.5.0' ],
355 silly audit   fsevents: [ '2.3.3' ],
355 silly audit   picomatch: [ '4.0.3' ],
355 silly audit   postcss: [ '8.5.6' ],
355 silly audit   rollup: [ '4.48.1' ],
355 silly audit   tinyglobby: [ '0.2.14' ],
355 silly audit   '@esbuild/aix-ppc64': [ '0.25.9' ],
355 silly audit   '@esbuild/android-arm': [ '0.25.9' ],
355 silly audit   '@esbuild/android-arm64': [ '0.25.9' ],
355 silly audit   '@esbuild/android-x64': [ '0.25.9' ],
355 silly audit   '@esbuild/darwin-arm64': [ '0.25.9' ],
355 silly audit   '@esbuild/darwin-x64': [ '0.25.9' ],
355 silly audit   '@esbuild/freebsd-arm64': [ '0.25.9' ],
355 silly audit   '@esbuild/freebsd-x64': [ '0.25.9' ],
355 silly audit   '@esbuild/linux-arm': [ '0.25.9' ],
355 silly audit   '@esbuild/linux-arm64': [ '0.25.9' ],
355 silly audit   '@esbuild/linux-ia32': [ '0.25.9' ],
355 silly audit   '@esbuild/linux-loong64': [ '0.25.9' ],
355 silly audit   '@esbuild/linux-mips64el': [ '0.25.9' ],
355 silly audit   '@esbuild/linux-ppc64': [ '0.25.9' ],
355 silly audit   '@esbuild/linux-riscv64': [ '0.25.9' ],
355 silly audit   '@esbuild/linux-s390x': [ '0.25.9' ],
355 silly audit   '@esbuild/linux-x64': [ '0.25.9' ],
355 silly audit   '@esbuild/netbsd-arm64': [ '0.25.9' ],
355 silly audit   '@esbuild/netbsd-x64': [ '0.25.9' ],
355 silly audit   '@esbuild/openbsd-arm64': [ '0.25.9' ],
355 silly audit   '@esbuild/openbsd-x64': [ '0.25.9' ],
355 silly audit   '@esbuild/openharmony-arm64': [ '0.25.9' ],
355 silly audit   '@esbuild/sunos-x64': [ '0.25.9' ],
355 silly audit   '@esbuild/win32-arm64': [ '0.25.9' ],
355 silly audit   '@esbuild/win32-ia32': [ '0.25.9' ],
355 silly audit   '@esbuild/win32-x64': [ '0.25.9' ],
355 silly audit   nanoid: [ '3.3.11' ],
355 silly audit   picocolors: [ '1.1.1' ],
355 silly audit   'source-map-js': [ '1.2.1' ],
355 silly audit   '@rollup/rollup-android-arm-eabi': [ '4.48.1' ],
355 silly audit   '@rollup/rollup-android-arm64': [ '4.48.1' ],
355 silly audit   '@rollup/rollup-darwin-arm64': [ '4.48.1' ],
355 silly audit   '@rollup/rollup-darwin-x64': [ '4.48.1' ],
355 silly audit   '@rollup/rollup-freebsd-arm64': [ '4.48.1' ],
355 silly audit   '@rollup/rollup-freebsd-x64': [ '4.48.1' ],
355 silly audit   '@rollup/rollup-linux-arm-gnueabihf': [ '4.48.1' ],
355 silly audit   '@rollup/rollup-linux-arm-musleabihf': [ '4.48.1' ],
355 silly audit   '@rollup/rollup-linux-arm64-gnu': [ '4.48.1' ],
355 silly audit   '@rollup/rollup-linux-arm64-musl': [ '4.48.1' ],
355 silly audit   '@rollup/rollup-linux-loongarch64-gnu': [ '4.48.1' ],
355 silly audit   '@rollup/rollup-linux-ppc64-gnu': [ '4.48.1' ],
355 silly audit   '@rollup/rollup-linux-riscv64-gnu': [ '4.48.1' ],
355 silly audit   '@rollup/rollup-linux-riscv64-musl': [ '4.48.1' ],
355 silly audit   '@rollup/rollup-linux-s390x-gnu': [ '4.48.1' ],
355 silly audit   '@rollup/rollup-linux-x64-gnu': [ '4.48.1' ],
355 silly audit   '@rollup/rollup-linux-x64-musl': [ '4.48.1' ],
355 silly audit   '@rollup/rollup-win32-arm64-msvc': [ '4.48.1' ],
355 silly audit   '@rollup/rollup-win32-ia32-msvc': [ '4.48.1' ],
355 silly audit   '@rollup/rollup-win32-x64-msvc': [ '4.48.1' ],
355 silly audit   '@types/estree': [ '1.0.8' ]
355 silly audit }
356 verbose reify failed optional dependency C:\laragon\www\PolyFlix\tmpnodejsnpm-cache\_npx\9ed06546b0653f96\node_modules\@rollup\rollup-win32-ia32-msvc
357 silly reify mark deleted [
357 silly reify   'C:\\laragon\\www\\PolyFlix\\tmpnodejsnpm-cache\\_npx\\9ed06546b0653f96\\node_modules\\@rollup\\rollup-win32-ia32-msvc'
357 silly reify ]
358 verbose reify failed optional dependency C:\laragon\www\PolyFlix\tmpnodejsnpm-cache\_npx\9ed06546b0653f96\node_modules\@rollup\rollup-win32-arm64-msvc
359 silly reify mark deleted [
359 silly reify   'C:\\laragon\\www\\PolyFlix\\tmpnodejsnpm-cache\\_npx\\9ed06546b0653f96\\node_modules\\@rollup\\rollup-win32-arm64-msvc'
359 silly reify ]
360 verbose reify failed optional dependency C:\laragon\www\PolyFlix\tmpnodejsnpm-cache\_npx\9ed06546b0653f96\node_modules\@rollup\rollup-linux-x64-musl
361 silly reify mark deleted [
361 silly reify   'C:\\laragon\\www\\PolyFlix\\tmpnodejsnpm-cache\\_npx\\9ed06546b0653f96\\node_modules\\@rollup\\rollup-linux-x64-musl'
361 silly reify ]
362 verbose reify failed optional dependency C:\laragon\www\PolyFlix\tmpnodejsnpm-cache\_npx\9ed06546b0653f96\node_modules\@rollup\rollup-linux-x64-gnu
363 silly reify mark deleted [
363 silly reify   'C:\\laragon\\www\\PolyFlix\\tmpnodejsnpm-cache\\_npx\\9ed06546b0653f96\\node_modules\\@rollup\\rollup-linux-x64-gnu'
363 silly reify ]
364 verbose reify failed optional dependency C:\laragon\www\PolyFlix\tmpnodejsnpm-cache\_npx\9ed06546b0653f96\node_modules\@rollup\rollup-linux-s390x-gnu
365 silly reify mark deleted [
365 silly reify   'C:\\laragon\\www\\PolyFlix\\tmpnodejsnpm-cache\\_npx\\9ed06546b0653f96\\node_modules\\@rollup\\rollup-linux-s390x-gnu'
365 silly reify ]
366 verbose reify failed optional dependency C:\laragon\www\PolyFlix\tmpnodejsnpm-cache\_npx\9ed06546b0653f96\node_modules\@rollup\rollup-linux-riscv64-musl
367 silly reify mark deleted [
367 silly reify   'C:\\laragon\\www\\PolyFlix\\tmpnodejsnpm-cache\\_npx\\9ed06546b0653f96\\node_modules\\@rollup\\rollup-linux-riscv64-musl'
367 silly reify ]
368 verbose reify failed optional dependency C:\laragon\www\PolyFlix\tmpnodejsnpm-cache\_npx\9ed06546b0653f96\node_modules\@rollup\rollup-linux-riscv64-gnu
369 silly reify mark deleted [
369 silly reify   'C:\\laragon\\www\\PolyFlix\\tmpnodejsnpm-cache\\_npx\\9ed06546b0653f96\\node_modules\\@rollup\\rollup-linux-riscv64-gnu'
369 silly reify ]
370 verbose reify failed optional dependency C:\laragon\www\PolyFlix\tmpnodejsnpm-cache\_npx\9ed06546b0653f96\node_modules\@rollup\rollup-linux-ppc64-gnu
371 silly reify mark deleted [
371 silly reify   'C:\\laragon\\www\\PolyFlix\\tmpnodejsnpm-cache\\_npx\\9ed06546b0653f96\\node_modules\\@rollup\\rollup-linux-ppc64-gnu'
371 silly reify ]
372 verbose reify failed optional dependency C:\laragon\www\PolyFlix\tmpnodejsnpm-cache\_npx\9ed06546b0653f96\node_modules\@rollup\rollup-linux-loongarch64-gnu
373 silly reify mark deleted [
373 silly reify   'C:\\laragon\\www\\PolyFlix\\tmpnodejsnpm-cache\\_npx\\9ed06546b0653f96\\node_modules\\@rollup\\rollup-linux-loongarch64-gnu'
373 silly reify ]
374 verbose reify failed optional dependency C:\laragon\www\PolyFlix\tmpnodejsnpm-cache\_npx\9ed06546b0653f96\node_modules\@rollup\rollup-linux-arm64-musl
375 silly reify mark deleted [
375 silly reify   'C:\\laragon\\www\\PolyFlix\\tmpnodejsnpm-cache\\_npx\\9ed06546b0653f96\\node_modules\\@rollup\\rollup-linux-arm64-musl'
375 silly reify ]
376 verbose reify failed optional dependency C:\laragon\www\PolyFlix\tmpnodejsnpm-cache\_npx\9ed06546b0653f96\node_modules\@rollup\rollup-linux-arm64-gnu
377 silly reify mark deleted [
377 silly reify   'C:\\laragon\\www\\PolyFlix\\tmpnodejsnpm-cache\\_npx\\9ed06546b0653f96\\node_modules\\@rollup\\rollup-linux-arm64-gnu'
377 silly reify ]
378 verbose reify failed optional dependency C:\laragon\www\PolyFlix\tmpnodejsnpm-cache\_npx\9ed06546b0653f96\node_modules\@rollup\rollup-linux-arm-musleabihf
379 silly reify mark deleted [
379 silly reify   'C:\\laragon\\www\\PolyFlix\\tmpnodejsnpm-cache\\_npx\\9ed06546b0653f96\\node_modules\\@rollup\\rollup-linux-arm-musleabihf'
379 silly reify ]
380 verbose reify failed optional dependency C:\laragon\www\PolyFlix\tmpnodejsnpm-cache\_npx\9ed06546b0653f96\node_modules\@rollup\rollup-linux-arm-gnueabihf
381 silly reify mark deleted [
381 silly reify   'C:\\laragon\\www\\PolyFlix\\tmpnodejsnpm-cache\\_npx\\9ed06546b0653f96\\node_modules\\@rollup\\rollup-linux-arm-gnueabihf'
381 silly reify ]
382 verbose reify failed optional dependency C:\laragon\www\PolyFlix\tmpnodejsnpm-cache\_npx\9ed06546b0653f96\node_modules\@rollup\rollup-freebsd-x64
383 silly reify mark deleted [
383 silly reify   'C:\\laragon\\www\\PolyFlix\\tmpnodejsnpm-cache\\_npx\\9ed06546b0653f96\\node_modules\\@rollup\\rollup-freebsd-x64'
383 silly reify ]
384 verbose reify failed optional dependency C:\laragon\www\PolyFlix\tmpnodejsnpm-cache\_npx\9ed06546b0653f96\node_modules\@rollup\rollup-freebsd-arm64
385 silly reify mark deleted [
385 silly reify   'C:\\laragon\\www\\PolyFlix\\tmpnodejsnpm-cache\\_npx\\9ed06546b0653f96\\node_modules\\@rollup\\rollup-freebsd-arm64'
385 silly reify ]
386 verbose reify failed optional dependency C:\laragon\www\PolyFlix\tmpnodejsnpm-cache\_npx\9ed06546b0653f96\node_modules\@rollup\rollup-darwin-x64
387 silly reify mark deleted [
387 silly reify   'C:\\laragon\\www\\PolyFlix\\tmpnodejsnpm-cache\\_npx\\9ed06546b0653f96\\node_modules\\@rollup\\rollup-darwin-x64'
387 silly reify ]
388 verbose reify failed optional dependency C:\laragon\www\PolyFlix\tmpnodejsnpm-cache\_npx\9ed06546b0653f96\node_modules\@rollup\rollup-darwin-arm64
389 silly reify mark deleted [
389 silly reify   'C:\\laragon\\www\\PolyFlix\\tmpnodejsnpm-cache\\_npx\\9ed06546b0653f96\\node_modules\\@rollup\\rollup-darwin-arm64'
389 silly reify ]
390 verbose reify failed optional dependency C:\laragon\www\PolyFlix\tmpnodejsnpm-cache\_npx\9ed06546b0653f96\node_modules\@rollup\rollup-android-arm64
391 silly reify mark deleted [
391 silly reify   'C:\\laragon\\www\\PolyFlix\\tmpnodejsnpm-cache\\_npx\\9ed06546b0653f96\\node_modules\\@rollup\\rollup-android-arm64'
391 silly reify ]
392 verbose reify failed optional dependency C:\laragon\www\PolyFlix\tmpnodejsnpm-cache\_npx\9ed06546b0653f96\node_modules\@rollup\rollup-android-arm-eabi
393 silly reify mark deleted [
393 silly reify   'C:\\laragon\\www\\PolyFlix\\tmpnodejsnpm-cache\\_npx\\9ed06546b0653f96\\node_modules\\@rollup\\rollup-android-arm-eabi'
393 silly reify ]
394 verbose reify failed optional dependency C:\laragon\www\PolyFlix\tmpnodejsnpm-cache\_npx\9ed06546b0653f96\node_modules\@esbuild\win32-ia32
395 silly reify mark deleted [
395 silly reify   'C:\\laragon\\www\\PolyFlix\\tmpnodejsnpm-cache\\_npx\\9ed06546b0653f96\\node_modules\\@esbuild\\win32-ia32'
395 silly reify ]
396 verbose reify failed optional dependency C:\laragon\www\PolyFlix\tmpnodejsnpm-cache\_npx\9ed06546b0653f96\node_modules\@esbuild\win32-arm64
397 silly reify mark deleted [
397 silly reify   'C:\\laragon\\www\\PolyFlix\\tmpnodejsnpm-cache\\_npx\\9ed06546b0653f96\\node_modules\\@esbuild\\win32-arm64'
397 silly reify ]
398 verbose reify failed optional dependency C:\laragon\www\PolyFlix\tmpnodejsnpm-cache\_npx\9ed06546b0653f96\node_modules\@esbuild\sunos-x64
399 silly reify mark deleted [
399 silly reify   'C:\\laragon\\www\\PolyFlix\\tmpnodejsnpm-cache\\_npx\\9ed06546b0653f96\\node_modules\\@esbuild\\sunos-x64'
399 silly reify ]
400 verbose reify failed optional dependency C:\laragon\www\PolyFlix\tmpnodejsnpm-cache\_npx\9ed06546b0653f96\node_modules\@esbuild\openharmony-arm64
401 silly reify mark deleted [
401 silly reify   'C:\\laragon\\www\\PolyFlix\\tmpnodejsnpm-cache\\_npx\\9ed06546b0653f96\\node_modules\\@esbuild\\openharmony-arm64'
401 silly reify ]
402 verbose reify failed optional dependency C:\laragon\www\PolyFlix\tmpnodejsnpm-cache\_npx\9ed06546b0653f96\node_modules\@esbuild\openbsd-x64
403 silly reify mark deleted [
403 silly reify   'C:\\laragon\\www\\PolyFlix\\tmpnodejsnpm-cache\\_npx\\9ed06546b0653f96\\node_modules\\@esbuild\\openbsd-x64'
403 silly reify ]
404 verbose reify failed optional dependency C:\laragon\www\PolyFlix\tmpnodejsnpm-cache\_npx\9ed06546b0653f96\node_modules\@esbuild\openbsd-arm64
405 silly reify mark deleted [
405 silly reify   'C:\\laragon\\www\\PolyFlix\\tmpnodejsnpm-cache\\_npx\\9ed06546b0653f96\\node_modules\\@esbuild\\openbsd-arm64'
405 silly reify ]
406 verbose reify failed optional dependency C:\laragon\www\PolyFlix\tmpnodejsnpm-cache\_npx\9ed06546b0653f96\node_modules\@esbuild\netbsd-x64
407 silly reify mark deleted [
407 silly reify   'C:\\laragon\\www\\PolyFlix\\tmpnodejsnpm-cache\\_npx\\9ed06546b0653f96\\node_modules\\@esbuild\\netbsd-x64'
407 silly reify ]
408 verbose reify failed optional dependency C:\laragon\www\PolyFlix\tmpnodejsnpm-cache\_npx\9ed06546b0653f96\node_modules\@esbuild\netbsd-arm64
409 silly reify mark deleted [
409 silly reify   'C:\\laragon\\www\\PolyFlix\\tmpnodejsnpm-cache\\_npx\\9ed06546b0653f96\\node_modules\\@esbuild\\netbsd-arm64'
409 silly reify ]
410 verbose reify failed optional dependency C:\laragon\www\PolyFlix\tmpnodejsnpm-cache\_npx\9ed06546b0653f96\node_modules\@esbuild\linux-x64
411 silly reify mark deleted [
411 silly reify   'C:\\laragon\\www\\PolyFlix\\tmpnodejsnpm-cache\\_npx\\9ed06546b0653f96\\node_modules\\@esbuild\\linux-x64'
411 silly reify ]
412 verbose reify failed optional dependency C:\laragon\www\PolyFlix\tmpnodejsnpm-cache\_npx\9ed06546b0653f96\node_modules\@esbuild\linux-s390x
413 silly reify mark deleted [
413 silly reify   'C:\\laragon\\www\\PolyFlix\\tmpnodejsnpm-cache\\_npx\\9ed06546b0653f96\\node_modules\\@esbuild\\linux-s390x'
413 silly reify ]
414 verbose reify failed optional dependency C:\laragon\www\PolyFlix\tmpnodejsnpm-cache\_npx\9ed06546b0653f96\node_modules\@esbuild\linux-riscv64
415 silly reify mark deleted [
415 silly reify   'C:\\laragon\\www\\PolyFlix\\tmpnodejsnpm-cache\\_npx\\9ed06546b0653f96\\node_modules\\@esbuild\\linux-riscv64'
415 silly reify ]
416 verbose reify failed optional dependency C:\laragon\www\PolyFlix\tmpnodejsnpm-cache\_npx\9ed06546b0653f96\node_modules\@esbuild\linux-ppc64
417 silly reify mark deleted [
417 silly reify   'C:\\laragon\\www\\PolyFlix\\tmpnodejsnpm-cache\\_npx\\9ed06546b0653f96\\node_modules\\@esbuild\\linux-ppc64'
417 silly reify ]
418 verbose reify failed optional dependency C:\laragon\www\PolyFlix\tmpnodejsnpm-cache\_npx\9ed06546b0653f96\node_modules\@esbuild\linux-mips64el
419 silly reify mark deleted [
419 silly reify   'C:\\laragon\\www\\PolyFlix\\tmpnodejsnpm-cache\\_npx\\9ed06546b0653f96\\node_modules\\@esbuild\\linux-mips64el'
419 silly reify ]
420 verbose reify failed optional dependency C:\laragon\www\PolyFlix\tmpnodejsnpm-cache\_npx\9ed06546b0653f96\node_modules\@esbuild\linux-loong64
421 silly reify mark deleted [
421 silly reify   'C:\\laragon\\www\\PolyFlix\\tmpnodejsnpm-cache\\_npx\\9ed06546b0653f96\\node_modules\\@esbuild\\linux-loong64'
421 silly reify ]
422 verbose reify failed optional dependency C:\laragon\www\PolyFlix\tmpnodejsnpm-cache\_npx\9ed06546b0653f96\node_modules\@esbuild\linux-ia32
423 silly reify mark deleted [
423 silly reify   'C:\\laragon\\www\\PolyFlix\\tmpnodejsnpm-cache\\_npx\\9ed06546b0653f96\\node_modules\\@esbuild\\linux-ia32'
423 silly reify ]
424 verbose reify failed optional dependency C:\laragon\www\PolyFlix\tmpnodejsnpm-cache\_npx\9ed06546b0653f96\node_modules\@esbuild\linux-arm64
425 silly reify mark deleted [
425 silly reify   'C:\\laragon\\www\\PolyFlix\\tmpnodejsnpm-cache\\_npx\\9ed06546b0653f96\\node_modules\\@esbuild\\linux-arm64'
425 silly reify ]
426 verbose reify failed optional dependency C:\laragon\www\PolyFlix\tmpnodejsnpm-cache\_npx\9ed06546b0653f96\node_modules\@esbuild\linux-arm
427 silly reify mark deleted [
427 silly reify   'C:\\laragon\\www\\PolyFlix\\tmpnodejsnpm-cache\\_npx\\9ed06546b0653f96\\node_modules\\@esbuild\\linux-arm'
427 silly reify ]
428 verbose reify failed optional dependency C:\laragon\www\PolyFlix\tmpnodejsnpm-cache\_npx\9ed06546b0653f96\node_modules\@esbuild\freebsd-x64
429 silly reify mark deleted [
429 silly reify   'C:\\laragon\\www\\PolyFlix\\tmpnodejsnpm-cache\\_npx\\9ed06546b0653f96\\node_modules\\@esbuild\\freebsd-x64'
429 silly reify ]
430 verbose reify failed optional dependency C:\laragon\www\PolyFlix\tmpnodejsnpm-cache\_npx\9ed06546b0653f96\node_modules\@esbuild\freebsd-arm64
431 silly reify mark deleted [
431 silly reify   'C:\\laragon\\www\\PolyFlix\\tmpnodejsnpm-cache\\_npx\\9ed06546b0653f96\\node_modules\\@esbuild\\freebsd-arm64'
431 silly reify ]
432 verbose reify failed optional dependency C:\laragon\www\PolyFlix\tmpnodejsnpm-cache\_npx\9ed06546b0653f96\node_modules\@esbuild\darwin-x64
433 silly reify mark deleted [
433 silly reify   'C:\\laragon\\www\\PolyFlix\\tmpnodejsnpm-cache\\_npx\\9ed06546b0653f96\\node_modules\\@esbuild\\darwin-x64'
433 silly reify ]
434 verbose reify failed optional dependency C:\laragon\www\PolyFlix\tmpnodejsnpm-cache\_npx\9ed06546b0653f96\node_modules\@esbuild\darwin-arm64
435 silly reify mark deleted [
435 silly reify   'C:\\laragon\\www\\PolyFlix\\tmpnodejsnpm-cache\\_npx\\9ed06546b0653f96\\node_modules\\@esbuild\\darwin-arm64'
435 silly reify ]
436 verbose reify failed optional dependency C:\laragon\www\PolyFlix\tmpnodejsnpm-cache\_npx\9ed06546b0653f96\node_modules\@esbuild\android-x64
437 silly reify mark deleted [
437 silly reify   'C:\\laragon\\www\\PolyFlix\\tmpnodejsnpm-cache\\_npx\\9ed06546b0653f96\\node_modules\\@esbuild\\android-x64'
437 silly reify ]
438 verbose reify failed optional dependency C:\laragon\www\PolyFlix\tmpnodejsnpm-cache\_npx\9ed06546b0653f96\node_modules\@esbuild\android-arm64
439 silly reify mark deleted [
439 silly reify   'C:\\laragon\\www\\PolyFlix\\tmpnodejsnpm-cache\\_npx\\9ed06546b0653f96\\node_modules\\@esbuild\\android-arm64'
439 silly reify ]
440 verbose reify failed optional dependency C:\laragon\www\PolyFlix\tmpnodejsnpm-cache\_npx\9ed06546b0653f96\node_modules\@esbuild\android-arm
441 silly reify mark deleted [
441 silly reify   'C:\\laragon\\www\\PolyFlix\\tmpnodejsnpm-cache\\_npx\\9ed06546b0653f96\\node_modules\\@esbuild\\android-arm'
441 silly reify ]
442 verbose reify failed optional dependency C:\laragon\www\PolyFlix\tmpnodejsnpm-cache\_npx\9ed06546b0653f96\node_modules\@esbuild\aix-ppc64
443 silly reify mark deleted [
443 silly reify   'C:\\laragon\\www\\PolyFlix\\tmpnodejsnpm-cache\\_npx\\9ed06546b0653f96\\node_modules\\@esbuild\\aix-ppc64'
443 silly reify ]
444 verbose reify failed optional dependency C:\laragon\www\PolyFlix\tmpnodejsnpm-cache\_npx\9ed06546b0653f96\node_modules\fsevents
445 silly reify mark deleted [
445 silly reify   'C:\\laragon\\www\\PolyFlix\\tmpnodejsnpm-cache\\_npx\\9ed06546b0653f96\\node_modules\\fsevents'
445 silly reify ]
446 silly tarball no local data for @rollup/rollup-win32-x64-msvc@https://registry.npmjs.org/@rollup/rollup-win32-x64-msvc/-/rollup-win32-x64-msvc-4.48.1.tgz. Extracting by manifest.
447 silly tarball no local data for @esbuild/win32-x64@https://registry.npmjs.org/@esbuild/win32-x64/-/win32-x64-0.25.9.tgz. Extracting by manifest.
448 silly tarball no local data for rollup@https://registry.npmjs.org/rollup/-/rollup-4.48.1.tgz. Extracting by manifest.
449 silly tarball no local data for esbuild@https://registry.npmjs.org/esbuild/-/esbuild-0.25.9.tgz. Extracting by manifest.
450 silly tarball no local data for vite@https://registry.npmjs.org/vite/-/vite-6.3.5.tgz. Extracting by manifest.
451 silly tarball no local data for fdir@https://registry.npmjs.org/fdir/-/fdir-6.5.0.tgz. Extracting by manifest.
452 http fetch GET 200 https://registry.npmjs.org/fdir/-/fdir-6.5.0.tgz 142ms (cache miss)
453 http fetch GET 200 https://registry.npmjs.org/esbuild/-/esbuild-0.25.9.tgz 179ms (cache miss)
454 http fetch POST 200 https://registry.npmjs.org/-/npm/v1/security/advisories/bulk 254ms
455 silly audit report {}
456 http fetch GET 200 https://registry.npmjs.org/vite/-/vite-6.3.5.tgz 392ms (cache miss)
457 http fetch GET 200 https://registry.npmjs.org/rollup/-/rollup-4.48.1.tgz 1175ms (cache miss)
458 http fetch GET 200 https://registry.npmjs.org/@rollup/rollup-win32-x64-msvc/-/rollup-win32-x64-msvc-4.48.1.tgz 1598ms (cache miss)
459 http fetch GET 200 https://registry.npmjs.org/@esbuild/win32-x64/-/win32-x64-0.25.9.tgz 2449ms (cache miss)
460 info run esbuild@0.25.9 postinstall node_modules/esbuild node install.js
461 info run esbuild@0.25.9 postinstall { code: 0, signal: null }
462 verbose cwd C:\laragon\www\PolyFlix
463 verbose os Windows_NT 10.0.26100
464 verbose node v20.11.1
465 verbose npm  v10.9.0
466 verbose exit 1
467 verbose code 1
